============================= test session starts =============================
platform win32 -- Python 3.13.5, pytest-8.3.4, pluggy-1.5.0
rootdir: C:\Users\Rishil\Documents\Depression_Detection\depression_project
plugins: anyio-4.7.0
collected 25 items

tests\test_app.py ...................F.FFFF                              [100%]

================================== FAILURES ===================================
__________________ TestAPIEndpoints.test_analyze_text_valid ___________________

self = <test_app.TestAPIEndpoints object at 0x000001E4FF866FD0>
client = <FlaskClient <Flask 'app'>>

    def test_analyze_text_valid(self, client):
>       rv = client.post('/api/analyze-text',
                         json={'text': 'I feel very sad and hopeless about everything today'},
                         content_type='application/json')

tests\test_app.py:143: 
_ _ _ _ _ _ _ _ _ _ _ _ _ _ _ _ _ _ _ _ _ _ _ _ _ _ _ _ _ _ _ _ _ _ _ _ _ _ _ _

self = <FlaskClient <Flask 'app'>>, args = ('/api/analyze-text',)
kw = {'content_type': 'application/json', 'json': {'text': 'I feel very sad and hopeless about everything today'}, 'method': 'POST'}

    def post(self, *args: t.Any, **kw: t.Any) -> TestResponse:
        """Call :meth:`open` with ``method`` set to ``POST``."""
        kw["method"] = "POST"
>       return self.open(*args, **kw)

..\..\..\anaconda3\Lib\site-packages\werkzeug\test.py:1167: 
_ _ _ _ _ _ _ _ _ _ _ _ _ _ _ _ _ _ _ _ _ _ _ _ _ _ _ _ _ _ _ _ _ _ _ _ _ _ _ _

self = <FlaskClient <Flask 'app'>>, buffered = False, follow_redirects = False
args = ('/api/analyze-text',)
kwargs = {'content_type': 'application/json', 'environ_base': {'HTTP_USER_AGENT': 'Werkzeug/3.1.3', 'REMOTE_ADDR': '127.0.0.1',...ect at 0x000001E48FEF5D00>}, 'json': {'text': 'I feel very sad and hopeless about everything today'}, 'method': 'POST'}
request = <Request 'http://localhost/api/analyze-text' [POST]>

    def open(
        self,
        *args: t.Any,
        buffered: bool = False,
        follow_redirects: bool = False,
        **kwargs: t.Any,
    ) -> TestResponse:
        if args and isinstance(
            args[0], (werkzeug.test.EnvironBuilder, dict, BaseRequest)
        ):
            if isinstance(args[0], werkzeug.test.EnvironBuilder):
                builder = copy(args[0])
                builder.environ_base = self._copy_environ(builder.environ_base or {})  # type: ignore[arg-type]
                request = builder.get_request()
            elif isinstance(args[0], dict):
                request = EnvironBuilder.from_environ(
                    args[0], app=self.application, environ_base=self._copy_environ({})
                ).get_request()
            else:
                # isinstance(args[0], BaseRequest)
                request = copy(args[0])
                request.environ = self._copy_environ(request.environ)
        else:
            # request is None
            request = self._request_from_builder_args(args, kwargs)
    
        # Pop any previously preserved contexts. This prevents contexts
        # from being preserved across redirects or multiple requests
        # within a single block.
        self._context_stack.close()
    
>       response = super().open(
            request,
            buffered=buffered,
            follow_redirects=follow_redirects,
        )

..\..\..\anaconda3\Lib\site-packages\flask\testing.py:234: 
_ _ _ _ _ _ _ _ _ _ _ _ _ _ _ _ _ _ _ _ _ _ _ _ _ _ _ _ _ _ _ _ _ _ _ _ _ _ _ _

self = <FlaskClient <Flask 'app'>>, buffered = False, follow_redirects = False
args = (<Request 'http://localhost/api/analyze-text' [POST]>,), kwargs = {}
request = <Request 'http://localhost/api/analyze-text' [POST]>
arg = <Request 'http://localhost/api/analyze-text' [POST]>

    def open(
        self,
        *args: t.Any,
        buffered: bool = False,
        follow_redirects: bool = False,
        **kwargs: t.Any,
    ) -> TestResponse:
        """Generate an environ dict from the given arguments, make a
        request to the application using it, and return the response.
    
        :param args: Passed to :class:`EnvironBuilder` to create the
            environ for the request. If a single arg is passed, it can
            be an existing :class:`EnvironBuilder` or an environ dict.
        :param buffered: Convert the iterator returned by the app into
            a list. If the iterator has a ``close()`` method, it is
            called automatically.
        :param follow_redirects: Make additional requests to follow HTTP
            redirects until a non-redirect status is returned.
            :attr:`TestResponse.history` lists the intermediate
            responses.
    
        .. versionchanged:: 2.1
            Removed the ``as_tuple`` parameter.
    
        .. versionchanged:: 2.0
            The request input stream is closed when calling
            ``response.close()``. Input streams for redirects are
            automatically closed.
    
        .. versionchanged:: 0.5
            If a dict is provided as file in the dict for the ``data``
            parameter the content type has to be called ``content_type``
            instead of ``mimetype``. This change was made for
            consistency with :class:`werkzeug.FileWrapper`.
    
        .. versionchanged:: 0.5
            Added the ``follow_redirects`` parameter.
        """
        request: Request | None = None
    
        if not kwargs and len(args) == 1:
            arg = args[0]
    
            if isinstance(arg, EnvironBuilder):
                request = arg.get_request()
            elif isinstance(arg, dict):
                request = EnvironBuilder.from_environ(arg).get_request()
            elif isinstance(arg, Request):
                request = arg
    
        if request is None:
            builder = EnvironBuilder(*args, **kwargs)
    
            try:
                request = builder.get_request()
            finally:
                builder.close()
    
>       response_parts = self.run_wsgi_app(request.environ, buffered=buffered)

..\..\..\anaconda3\Lib\site-packages\werkzeug\test.py:1116: 
_ _ _ _ _ _ _ _ _ _ _ _ _ _ _ _ _ _ _ _ _ _ _ _ _ _ _ _ _ _ _ _ _ _ _ _ _ _ _ _

self = <FlaskClient <Flask 'app'>>
environ = {'CONTENT_LENGTH': '63', 'CONTENT_TYPE': 'application/json', 'HTTP_HOST': 'localhost', 'HTTP_USER_AGENT': 'Werkzeug/3.1.3', ...}
buffered = False

    def run_wsgi_app(
        self, environ: WSGIEnvironment, buffered: bool = False
    ) -> tuple[t.Iterable[bytes], str, Headers]:
        """Runs the wrapped WSGI app with the given environment.
    
        :meta private:
        """
        self._add_cookies_to_wsgi(environ)
>       rv = run_wsgi_app(self.application, environ, buffered=buffered)

..\..\..\anaconda3\Lib\site-packages\werkzeug\test.py:988: 
_ _ _ _ _ _ _ _ _ _ _ _ _ _ _ _ _ _ _ _ _ _ _ _ _ _ _ _ _ _ _ _ _ _ _ _ _ _ _ _

app = <Flask 'app'>
environ = {'CONTENT_LENGTH': '63', 'CONTENT_TYPE': 'application/json', 'HTTP_HOST': 'localhost', 'HTTP_USER_AGENT': 'Werkzeug/3.1.3', ...}
buffered = False

    def run_wsgi_app(
        app: WSGIApplication, environ: WSGIEnvironment, buffered: bool = False
    ) -> tuple[t.Iterable[bytes], str, Headers]:
        """Return a tuple in the form (app_iter, status, headers) of the
        application output.  This works best if you pass it an application that
        returns an iterator all the time.
    
        Sometimes applications may use the `write()` callable returned
        by the `start_response` function.  This tries to resolve such edge
        cases automatically.  But if you don't get the expected output you
        should set `buffered` to `True` which enforces buffering.
    
        If passed an invalid WSGI application the behavior of this function is
        undefined.  Never pass non-conforming WSGI applications to this function.
    
        :param app: the application to execute.
        :param buffered: set to `True` to enforce buffering.
        :return: tuple in the form ``(app_iter, status, headers)``
        """
        # Copy environ to ensure any mutations by the app (ProxyFix, for
        # example) don't affect subsequent requests (such as redirects).
        environ = _get_environ(environ).copy()
        status: str
        response: tuple[str, list[tuple[str, str]]] | None = None
        buffer: list[bytes] = []
    
        def start_response(status, headers, exc_info=None):  # type: ignore
            nonlocal response
    
            if exc_info:
                try:
                    raise exc_info[1].with_traceback(exc_info[2])
                finally:
                    exc_info = None
    
            response = (status, headers)
            return buffer.append
    
>       app_rv = app(environ, start_response)

..\..\..\anaconda3\Lib\site-packages\werkzeug\test.py:1264: 
_ _ _ _ _ _ _ _ _ _ _ _ _ _ _ _ _ _ _ _ _ _ _ _ _ _ _ _ _ _ _ _ _ _ _ _ _ _ _ _

self = <Flask 'app'>
environ = {'CONTENT_LENGTH': '63', 'CONTENT_TYPE': 'application/json', 'HTTP_HOST': 'localhost', 'HTTP_USER_AGENT': 'Werkzeug/3.1.3', ...}
start_response = <function run_wsgi_app.<locals>.start_response at 0x000001E487E9C7C0>

    def __call__(
        self, environ: WSGIEnvironment, start_response: StartResponse
    ) -> cabc.Iterable[bytes]:
        """The WSGI server calls the Flask application object as the
        WSGI application. This calls :meth:`wsgi_app`, which can be
        wrapped to apply middleware.
        """
>       return self.wsgi_app(environ, start_response)

..\..\..\anaconda3\Lib\site-packages\flask\app.py:1536: 
_ _ _ _ _ _ _ _ _ _ _ _ _ _ _ _ _ _ _ _ _ _ _ _ _ _ _ _ _ _ _ _ _ _ _ _ _ _ _ _

self = <Flask 'app'>
environ = {'CONTENT_LENGTH': '63', 'CONTENT_TYPE': 'application/json', 'HTTP_HOST': 'localhost', 'HTTP_USER_AGENT': 'Werkzeug/3.1.3', ...}
start_response = <function run_wsgi_app.<locals>.start_response at 0x000001E487E9C7C0>

    def wsgi_app(
        self, environ: WSGIEnvironment, start_response: StartResponse
    ) -> cabc.Iterable[bytes]:
        """The actual WSGI application. This is not implemented in
        :meth:`__call__` so that middlewares can be applied without
        losing a reference to the app object. Instead of doing this::
    
            app = MyMiddleware(app)
    
        It's a better idea to do this instead::
    
            app.wsgi_app = MyMiddleware(app.wsgi_app)
    
        Then you still have the original application object around and
        can continue to call methods on it.
    
        .. versionchanged:: 0.7
            Teardown events for the request and app contexts are called
            even if an unhandled error occurs. Other events may not be
            called depending on when an error occurs during dispatch.
            See :ref:`callbacks-and-errors`.
    
        :param environ: A WSGI environment.
        :param start_response: A callable accepting a status code,
            a list of headers, and an optional exception context to
            start the response.
        """
        ctx = self.request_context(environ)
        error: BaseException | None = None
        try:
            try:
                ctx.push()
                response = self.full_dispatch_request()
            except Exception as e:
                error = e
>               response = self.handle_exception(e)

..\..\..\anaconda3\Lib\site-packages\flask\app.py:1514: 
_ _ _ _ _ _ _ _ _ _ _ _ _ _ _ _ _ _ _ _ _ _ _ _ _ _ _ _ _ _ _ _ _ _ _ _ _ _ _ _

self = <Flask 'app'>
environ = {'CONTENT_LENGTH': '63', 'CONTENT_TYPE': 'application/json', 'HTTP_HOST': 'localhost', 'HTTP_USER_AGENT': 'Werkzeug/3.1.3', ...}
start_response = <function run_wsgi_app.<locals>.start_response at 0x000001E487E9C7C0>

    def wsgi_app(
        self, environ: WSGIEnvironment, start_response: StartResponse
    ) -> cabc.Iterable[bytes]:
        """The actual WSGI application. This is not implemented in
        :meth:`__call__` so that middlewares can be applied without
        losing a reference to the app object. Instead of doing this::
    
            app = MyMiddleware(app)
    
        It's a better idea to do this instead::
    
            app.wsgi_app = MyMiddleware(app.wsgi_app)
    
        Then you still have the original application object around and
        can continue to call methods on it.
    
        .. versionchanged:: 0.7
            Teardown events for the request and app contexts are called
            even if an unhandled error occurs. Other events may not be
            called depending on when an error occurs during dispatch.
            See :ref:`callbacks-and-errors`.
    
        :param environ: A WSGI environment.
        :param start_response: A callable accepting a status code,
            a list of headers, and an optional exception context to
            start the response.
        """
        ctx = self.request_context(environ)
        error: BaseException | None = None
        try:
            try:
                ctx.push()
>               response = self.full_dispatch_request()

..\..\..\anaconda3\Lib\site-packages\flask\app.py:1511: 
_ _ _ _ _ _ _ _ _ _ _ _ _ _ _ _ _ _ _ _ _ _ _ _ _ _ _ _ _ _ _ _ _ _ _ _ _ _ _ _

self = <Flask 'app'>

    def full_dispatch_request(self) -> Response:
        """Dispatches the request and on top of that performs request
        pre and postprocessing as well as HTTP exception catching and
        error handling.
    
        .. versionadded:: 0.7
        """
        self._got_first_request = True
    
        try:
            request_started.send(self, _async_wrapper=self.ensure_sync)
            rv = self.preprocess_request()
            if rv is None:
                rv = self.dispatch_request()
        except Exception as e:
>           rv = self.handle_user_exception(e)

..\..\..\anaconda3\Lib\site-packages\flask\app.py:919: 
_ _ _ _ _ _ _ _ _ _ _ _ _ _ _ _ _ _ _ _ _ _ _ _ _ _ _ _ _ _ _ _ _ _ _ _ _ _ _ _

self = <Flask 'app'>

    def full_dispatch_request(self) -> Response:
        """Dispatches the request and on top of that performs request
        pre and postprocessing as well as HTTP exception catching and
        error handling.
    
        .. versionadded:: 0.7
        """
        self._got_first_request = True
    
        try:
            request_started.send(self, _async_wrapper=self.ensure_sync)
            rv = self.preprocess_request()
            if rv is None:
>               rv = self.dispatch_request()

..\..\..\anaconda3\Lib\site-packages\flask\app.py:917: 
_ _ _ _ _ _ _ _ _ _ _ _ _ _ _ _ _ _ _ _ _ _ _ _ _ _ _ _ _ _ _ _ _ _ _ _ _ _ _ _

self = <Flask 'app'>

    def dispatch_request(self) -> ft.ResponseReturnValue:
        """Does the request dispatching.  Matches the URL and returns the
        return value of the view or error handler.  This does not have to
        be a response object.  In order to convert the return value to a
        proper response object, call :func:`make_response`.
    
        .. versionchanged:: 0.7
           This no longer does the exception handling, this code was
           moved to the new :meth:`full_dispatch_request`.
        """
        req = request_ctx.request
        if req.routing_exception is not None:
            self.raise_routing_exception(req)
        rule: Rule = req.url_rule  # type: ignore[assignment]
        # if we provide automatic options for this URL and the
        # request came with the OPTIONS method, reply automatically
        if (
            getattr(rule, "provide_automatic_options", False)
            and req.method == "OPTIONS"
        ):
            return self.make_default_options_response()
        # otherwise dispatch to the handler for that endpoint
        view_args: dict[str, t.Any] = req.view_args  # type: ignore[assignment]
>       return self.ensure_sync(self.view_functions[rule.endpoint])(**view_args)  # type: ignore[no-any-return]

..\..\..\anaconda3\Lib\site-packages\flask\app.py:902: 
_ _ _ _ _ _ _ _ _ _ _ _ _ _ _ _ _ _ _ _ _ _ _ _ _ _ _ _ _ _ _ _ _ _ _ _ _ _ _ _

    @app.route('/api/analyze-text', methods=['POST'])
    def analyze_text():
        data = request.json
        if not data:
            return jsonify({'error': 'Missing request body'}), 400
    
        text = data.get('text', '')
        if not isinstance(text, str) or len(text.strip()) < 10:
            return jsonify({'error': 'Need at least 10 characters of text for analysis'}), 400
    
        # Truncate excessively long input
        text = text[:10000]
    
        features = extract_text_features(text)
>       scaled   = text_scaler.transform(features.reshape(1, -1))

app.py:235: 
_ _ _ _ _ _ _ _ _ _ _ _ _ _ _ _ _ _ _ _ _ _ _ _ _ _ _ _ _ _ _ _ _ _ _ _ _ _ _ _

self = StandardScaler()
X = array([[ 0.487     ,  0.513     ,  0.        , -0.7688    ,  9.        ,
         9.        ,  1.        ,  4.77777778....        ,  0.        ,
         0.        ,  0.        ,  0.        ,  0.        ,  0.        ,
         0.        ]])
args = (), kwargs = {}

    @wraps(f)
    def wrapped(self, X, *args, **kwargs):
>       data_to_wrap = f(self, X, *args, **kwargs)

..\..\..\anaconda3\Lib\site-packages\sklearn\utils\_set_output.py:319: 
_ _ _ _ _ _ _ _ _ _ _ _ _ _ _ _ _ _ _ _ _ _ _ _ _ _ _ _ _ _ _ _ _ _ _ _ _ _ _ _

self = StandardScaler()
X = array([[ 0.487     ,  0.513     ,  0.        , -0.7688    ,  9.        ,
         9.        ,  1.        ,  4.77777778....        ,  0.        ,
         0.        ,  0.        ,  0.        ,  0.        ,  0.        ,
         0.        ]])
copy = True

    def transform(self, X, copy=None):
        """Perform standardization by centering and scaling.
    
        Parameters
        ----------
        X : {array-like, sparse matrix of shape (n_samples, n_features)
            The data used to scale along the features axis.
        copy : bool, default=None
            Copy the input X or not.
    
        Returns
        -------
        X_tr : {ndarray, sparse matrix} of shape (n_samples, n_features)
            Transformed array.
        """
        check_is_fitted(self)
    
        copy = copy if copy is not None else self.copy
>       X = validate_data(
            self,
            X,
            reset=False,
            accept_sparse="csr",
            copy=copy,
            dtype=FLOAT_DTYPES,
            force_writeable=True,
            ensure_all_finite="allow-nan",
        )

..\..\..\anaconda3\Lib\site-packages\sklearn\preprocessing\_data.py:1062: 
_ _ _ _ _ _ _ _ _ _ _ _ _ _ _ _ _ _ _ _ _ _ _ _ _ _ _ _ _ _ _ _ _ _ _ _ _ _ _ _

_estimator = StandardScaler()
X = array([[ 0.487     ,  0.513     ,  0.        , -0.7688    ,  9.        ,
         9.        ,  1.        ,  4.77777778....        ,  0.        ,
         0.        ,  0.        ,  0.        ,  0.        ,  0.        ,
         0.        ]])
y = 'no_validation', reset = False, validate_separately = False
skip_check_array = False
check_params = {'accept_sparse': 'csr', 'copy': True, 'dtype': (<class 'numpy.float64'>, <class 'numpy.float32'>, <class 'numpy.float16'>), 'ensure_all_finite': 'allow-nan', ...}
tags = Tags(estimator_type=None, target_tags=TargetTags(required=False, one_d_labels=False, two_d_labels=False, positive_only...False, sparse=False, categorical=False, string=False, dict=False, positive_only=False, allow_nan=True, pairwise=False))
no_val_X = False, no_val_y = True
default_check_params = {'estimator': StandardScaler()}
out = array([[ 0.487     ,  0.513     ,  0.        , -0.7688    ,  9.        ,
         9.        ,  1.        ,  4.77777778....        ,  0.        ,
         0.        ,  0.        ,  0.        ,  0.        ,  0.        ,
         0.        ]])

    def validate_data(
        _estimator,
        /,
        X="no_validation",
        y="no_validation",
        reset=True,
        validate_separately=False,
        skip_check_array=False,
        **check_params,
    ):
        """Validate input data and set or check feature names and counts of the input.
    
        This helper function should be used in an estimator that requires input
        validation. This mutates the estimator and sets the `n_features_in_` and
        `feature_names_in_` attributes if `reset=True`.
    
        .. versionadded:: 1.6
    
        Parameters
        ----------
        _estimator : estimator instance
            The estimator to validate the input for.
    
        X : {array-like, sparse matrix, dataframe} of shape \
                (n_samples, n_features), default='no validation'
            The input samples.
            If `'no_validation'`, no validation is performed on `X`. This is
            useful for meta-estimator which can delegate input validation to
            their underlying estimator(s). In that case `y` must be passed and
            the only accepted `check_params` are `multi_output` and
            `y_numeric`.
    
        y : array-like of shape (n_samples,), default='no_validation'
            The targets.
    
            - If `None`, :func:`~sklearn.utils.check_array` is called on `X`. If
              the estimator's `requires_y` tag is True, then an error will be raised.
            - If `'no_validation'`, :func:`~sklearn.utils.check_array` is called
              on `X` and the estimator's `requires_y` tag is ignored. This is a default
              placeholder and is never meant to be explicitly set. In that case `X` must be
              passed.
            - Otherwise, only `y` with `_check_y` or both `X` and `y` are checked with
              either :func:`~sklearn.utils.check_array` or
              :func:`~sklearn.utils.check_X_y` depending on `validate_separately`.
    
        reset : bool, default=True
            Whether to reset the `n_features_in_` attribute.
            If False, the input will be checked for consistency with data
            provided when reset was last True.
    
            .. note::
    
               It is recommended to call `reset=True` in `fit` and in the first
               call to `partial_fit`. All other methods that validate `X`
               should set `reset=False`.
    
        validate_separately : False or tuple of dicts, default=False
            Only used if `y` is not `None`.
            If `False`, call :func:`~sklearn.utils.check_X_y`. Else, it must be a tuple of
            kwargs to be used for calling :func:`~sklearn.utils.check_array` on `X` and `y`
            respectively.
    
            `estimator=self` is automatically added to these dicts to generate
            more informative error message in case of invalid input data.
    
        skip_check_array : bool, default=False
            If `True`, `X` and `y` are unchanged and only `feature_names_in_` and
            `n_features_in_` are checked. Otherwise, :func:`~sklearn.utils.check_array`
            is called on `X` and `y`.
    
        **check_params : kwargs
            Parameters passed to :func:`~sklearn.utils.check_array` or
            :func:`~sklearn.utils.check_X_y`. Ignored if validate_separately
            is not False.
    
            `estimator=self` is automatically added to these params to generate
            more informative error message in case of invalid input data.
    
        Returns
        -------
        out : {ndarray, sparse matrix} or tuple of these
            The validated input. A tuple is returned if both `X` and `y` are
            validated.
        """
        _check_feature_names(_estimator, X, reset=reset)
        tags = get_tags(_estimator)
        if y is None and tags.target_tags.required:
            raise ValueError(
                f"This {_estimator.__class__.__name__} estimator "
                "requires y to be passed, but the target y is None."
            )
    
        no_val_X = isinstance(X, str) and X == "no_validation"
        no_val_y = y is None or isinstance(y, str) and y == "no_validation"
    
        if no_val_X and no_val_y:
            raise ValueError("Validation should be done on X, y or both.")
    
        default_check_params = {"estimator": _estimator}
        check_params = {**default_check_params, **check_params}
    
        if skip_check_array:
            if not no_val_X and no_val_y:
                out = X
            elif no_val_X and not no_val_y:
                out = y
            else:
                out = X, y
        elif not no_val_X and no_val_y:
            out = check_array(X, input_name="X", **check_params)
        elif no_val_X and not no_val_y:
            out = _check_y(y, **check_params)
        else:
            if validate_separately:
                # We need this because some estimators validate X and y
                # separately, and in general, separately calling check_array()
                # on X and y isn't equivalent to just calling check_X_y()
                # :(
                check_X_params, check_y_params = validate_separately
                if "estimator" not in check_X_params:
                    check_X_params = {**default_check_params, **check_X_params}
                X = check_array(X, input_name="X", **check_X_params)
                if "estimator" not in check_y_params:
                    check_y_params = {**default_check_params, **check_y_params}
                y = check_array(y, input_name="y", **check_y_params)
            else:
                X, y = check_X_y(X, y, **check_params)
            out = X, y
    
        if not no_val_X and check_params.get("ensure_2d", True):
>           _check_n_features(_estimator, X, reset=reset)

..\..\..\anaconda3\Lib\site-packages\sklearn\utils\validation.py:2965: 
_ _ _ _ _ _ _ _ _ _ _ _ _ _ _ _ _ _ _ _ _ _ _ _ _ _ _ _ _ _ _ _ _ _ _ _ _ _ _ _

estimator = StandardScaler()
X = array([[ 0.487     ,  0.513     ,  0.        , -0.7688    ,  9.        ,
         9.        ,  1.        ,  4.77777778....        ,  0.        ,
         0.        ,  0.        ,  0.        ,  0.        ,  0.        ,
         0.        ]])
reset = False

    def _check_n_features(estimator, X, reset):
        """Set the `n_features_in_` attribute, or check against it on an estimator.
    
        .. versionchanged:: 1.6
            Moved from :class:`~sklearn.base.BaseEstimator` to
            :mod:`~sklearn.utils.validation`.
    
        Parameters
        ----------
        estimator : estimator instance
            The estimator to validate the input for.
    
        X : {ndarray, sparse matrix} of shape (n_samples, n_features)
            The input samples.
    
        reset : bool
            If True, the `n_features_in_` attribute is set to `X.shape[1]`.
            If False and the attribute exists, then check that it is equal to
            `X.shape[1]`. If False and the attribute does *not* exist, then
            the check is skipped.
            .. note::
               It is recommended to call reset=True in `fit` and in the first
               call to `partial_fit`. All other methods that validate `X`
               should set `reset=False`.
        """
        try:
            n_features = _num_features(X)
        except TypeError as e:
            if not reset and hasattr(estimator, "n_features_in_"):
                raise ValueError(
                    "X does not contain any features, but "
                    f"{estimator.__class__.__name__} is expecting "
                    f"{estimator.n_features_in_} features"
                ) from e
            # If the number of features is not defined and reset=True,
            # then we skip this check
            return
    
        if reset:
            estimator.n_features_in_ = n_features
            return
    
        if not hasattr(estimator, "n_features_in_"):
            # Skip this check if the expected number of expected input features
            # was not recorded by calling fit first. This is typically the case
            # for stateless transformers.
            return
    
        if n_features != estimator.n_features_in_:
>           raise ValueError(
                f"X has {n_features} features, but {estimator.__class__.__name__} "
                f"is expecting {estimator.n_features_in_} features as input."
            )
E           ValueError: X has 76 features, but StandardScaler is expecting 59 features as input.

..\..\..\anaconda3\Lib\site-packages\sklearn\utils\validation.py:2829: ValueError
_____________________ TestAPIEndpoints.test_predict_valid _____________________

self = <test_app.TestAPIEndpoints object at 0x000001E4FF863020>
client = <FlaskClient <Flask 'app'>>

    def test_predict_valid(self, client):
>       rv = client.post('/api/predict',
                         json={
                             'phqAnswers': [0, 0, 0, 0, 0, 0, 0, 0],
                             'interviewText': 'I feel great and happy today, life is wonderful'
                         },
                         content_type='application/json')

tests\test_app.py:158: 
_ _ _ _ _ _ _ _ _ _ _ _ _ _ _ _ _ _ _ _ _ _ _ _ _ _ _ _ _ _ _ _ _ _ _ _ _ _ _ _

self = <FlaskClient <Flask 'app'>>, args = ('/api/predict',)
kw = {'content_type': 'application/json', 'json': {'interviewText': 'I feel great and happy today, life is wonderful', 'phqAnswers': [0, 0, 0, 0, 0, 0, ...]}, 'method': 'POST'}

    def post(self, *args: t.Any, **kw: t.Any) -> TestResponse:
        """Call :meth:`open` with ``method`` set to ``POST``."""
        kw["method"] = "POST"
>       return self.open(*args, **kw)

..\..\..\anaconda3\Lib\site-packages\werkzeug\test.py:1167: 
_ _ _ _ _ _ _ _ _ _ _ _ _ _ _ _ _ _ _ _ _ _ _ _ _ _ _ _ _ _ _ _ _ _ _ _ _ _ _ _

self = <FlaskClient <Flask 'app'>>, buffered = False, follow_redirects = False
args = ('/api/predict',)
kwargs = {'content_type': 'application/json', 'environ_base': {'HTTP_USER_AGENT': 'Werkzeug/3.1.3', 'REMOTE_ADDR': '127.0.0.1',...viewText': 'I feel great and happy today, life is wonderful', 'phqAnswers': [0, 0, 0, 0, 0, 0, ...]}, 'method': 'POST'}
request = <Request 'http://localhost/api/predict' [POST]>

    def open(
        self,
        *args: t.Any,
        buffered: bool = False,
        follow_redirects: bool = False,
        **kwargs: t.Any,
    ) -> TestResponse:
        if args and isinstance(
            args[0], (werkzeug.test.EnvironBuilder, dict, BaseRequest)
        ):
            if isinstance(args[0], werkzeug.test.EnvironBuilder):
                builder = copy(args[0])
                builder.environ_base = self._copy_environ(builder.environ_base or {})  # type: ignore[arg-type]
                request = builder.get_request()
            elif isinstance(args[0], dict):
                request = EnvironBuilder.from_environ(
                    args[0], app=self.application, environ_base=self._copy_environ({})
                ).get_request()
            else:
                # isinstance(args[0], BaseRequest)
                request = copy(args[0])
                request.environ = self._copy_environ(request.environ)
        else:
            # request is None
            request = self._request_from_builder_args(args, kwargs)
    
        # Pop any previously preserved contexts. This prevents contexts
        # from being preserved across redirects or multiple requests
        # within a single block.
        self._context_stack.close()
    
>       response = super().open(
            request,
            buffered=buffered,
            follow_redirects=follow_redirects,
        )

..\..\..\anaconda3\Lib\site-packages\flask\testing.py:234: 
_ _ _ _ _ _ _ _ _ _ _ _ _ _ _ _ _ _ _ _ _ _ _ _ _ _ _ _ _ _ _ _ _ _ _ _ _ _ _ _

self = <FlaskClient <Flask 'app'>>, buffered = False, follow_redirects = False
args = (<Request 'http://localhost/api/predict' [POST]>,), kwargs = {}
request = <Request 'http://localhost/api/predict' [POST]>
arg = <Request 'http://localhost/api/predict' [POST]>

    def open(
        self,
        *args: t.Any,
        buffered: bool = False,
        follow_redirects: bool = False,
        **kwargs: t.Any,
    ) -> TestResponse:
        """Generate an environ dict from the given arguments, make a
        request to the application using it, and return the response.
    
        :param args: Passed to :class:`EnvironBuilder` to create the
            environ for the request. If a single arg is passed, it can
            be an existing :class:`EnvironBuilder` or an environ dict.
        :param buffered: Convert the iterator returned by the app into
            a list. If the iterator has a ``close()`` method, it is
            called automatically.
        :param follow_redirects: Make additional requests to follow HTTP
            redirects until a non-redirect status is returned.
            :attr:`TestResponse.history` lists the intermediate
            responses.
    
        .. versionchanged:: 2.1
            Removed the ``as_tuple`` parameter.
    
        .. versionchanged:: 2.0
            The request input stream is closed when calling
            ``response.close()``. Input streams for redirects are
            automatically closed.
    
        .. versionchanged:: 0.5
            If a dict is provided as file in the dict for the ``data``
            parameter the content type has to be called ``content_type``
            instead of ``mimetype``. This change was made for
            consistency with :class:`werkzeug.FileWrapper`.
    
        .. versionchanged:: 0.5
            Added the ``follow_redirects`` parameter.
        """
        request: Request | None = None
    
        if not kwargs and len(args) == 1:
            arg = args[0]
    
            if isinstance(arg, EnvironBuilder):
                request = arg.get_request()
            elif isinstance(arg, dict):
                request = EnvironBuilder.from_environ(arg).get_request()
            elif isinstance(arg, Request):
                request = arg
    
        if request is None:
            builder = EnvironBuilder(*args, **kwargs)
    
            try:
                request = builder.get_request()
            finally:
                builder.close()
    
>       response_parts = self.run_wsgi_app(request.environ, buffered=buffered)

..\..\..\anaconda3\Lib\site-packages\werkzeug\test.py:1116: 
_ _ _ _ _ _ _ _ _ _ _ _ _ _ _ _ _ _ _ _ _ _ _ _ _ _ _ _ _ _ _ _ _ _ _ _ _ _ _ _

self = <FlaskClient <Flask 'app'>>
environ = {'CONTENT_LENGTH': '108', 'CONTENT_TYPE': 'application/json', 'HTTP_HOST': 'localhost', 'HTTP_USER_AGENT': 'Werkzeug/3.1.3', ...}
buffered = False

    def run_wsgi_app(
        self, environ: WSGIEnvironment, buffered: bool = False
    ) -> tuple[t.Iterable[bytes], str, Headers]:
        """Runs the wrapped WSGI app with the given environment.
    
        :meta private:
        """
        self._add_cookies_to_wsgi(environ)
>       rv = run_wsgi_app(self.application, environ, buffered=buffered)

..\..\..\anaconda3\Lib\site-packages\werkzeug\test.py:988: 
_ _ _ _ _ _ _ _ _ _ _ _ _ _ _ _ _ _ _ _ _ _ _ _ _ _ _ _ _ _ _ _ _ _ _ _ _ _ _ _

app = <Flask 'app'>
environ = {'CONTENT_LENGTH': '108', 'CONTENT_TYPE': 'application/json', 'HTTP_HOST': 'localhost', 'HTTP_USER_AGENT': 'Werkzeug/3.1.3', ...}
buffered = False

    def run_wsgi_app(
        app: WSGIApplication, environ: WSGIEnvironment, buffered: bool = False
    ) -> tuple[t.Iterable[bytes], str, Headers]:
        """Return a tuple in the form (app_iter, status, headers) of the
        application output.  This works best if you pass it an application that
        returns an iterator all the time.
    
        Sometimes applications may use the `write()` callable returned
        by the `start_response` function.  This tries to resolve such edge
        cases automatically.  But if you don't get the expected output you
        should set `buffered` to `True` which enforces buffering.
    
        If passed an invalid WSGI application the behavior of this function is
        undefined.  Never pass non-conforming WSGI applications to this function.
    
        :param app: the application to execute.
        :param buffered: set to `True` to enforce buffering.
        :return: tuple in the form ``(app_iter, status, headers)``
        """
        # Copy environ to ensure any mutations by the app (ProxyFix, for
        # example) don't affect subsequent requests (such as redirects).
        environ = _get_environ(environ).copy()
        status: str
        response: tuple[str, list[tuple[str, str]]] | None = None
        buffer: list[bytes] = []
    
        def start_response(status, headers, exc_info=None):  # type: ignore
            nonlocal response
    
            if exc_info:
                try:
                    raise exc_info[1].with_traceback(exc_info[2])
                finally:
                    exc_info = None
    
            response = (status, headers)
            return buffer.append
    
>       app_rv = app(environ, start_response)

..\..\..\anaconda3\Lib\site-packages\werkzeug\test.py:1264: 
_ _ _ _ _ _ _ _ _ _ _ _ _ _ _ _ _ _ _ _ _ _ _ _ _ _ _ _ _ _ _ _ _ _ _ _ _ _ _ _

self = <Flask 'app'>
environ = {'CONTENT_LENGTH': '108', 'CONTENT_TYPE': 'application/json', 'HTTP_HOST': 'localhost', 'HTTP_USER_AGENT': 'Werkzeug/3.1.3', ...}
start_response = <function run_wsgi_app.<locals>.start_response at 0x000001E487F17060>

    def __call__(
        self, environ: WSGIEnvironment, start_response: StartResponse
    ) -> cabc.Iterable[bytes]:
        """The WSGI server calls the Flask application object as the
        WSGI application. This calls :meth:`wsgi_app`, which can be
        wrapped to apply middleware.
        """
>       return self.wsgi_app(environ, start_response)

..\..\..\anaconda3\Lib\site-packages\flask\app.py:1536: 
_ _ _ _ _ _ _ _ _ _ _ _ _ _ _ _ _ _ _ _ _ _ _ _ _ _ _ _ _ _ _ _ _ _ _ _ _ _ _ _

self = <Flask 'app'>
environ = {'CONTENT_LENGTH': '108', 'CONTENT_TYPE': 'application/json', 'HTTP_HOST': 'localhost', 'HTTP_USER_AGENT': 'Werkzeug/3.1.3', ...}
start_response = <function run_wsgi_app.<locals>.start_response at 0x000001E487F17060>

    def wsgi_app(
        self, environ: WSGIEnvironment, start_response: StartResponse
    ) -> cabc.Iterable[bytes]:
        """The actual WSGI application. This is not implemented in
        :meth:`__call__` so that middlewares can be applied without
        losing a reference to the app object. Instead of doing this::
    
            app = MyMiddleware(app)
    
        It's a better idea to do this instead::
    
            app.wsgi_app = MyMiddleware(app.wsgi_app)
    
        Then you still have the original application object around and
        can continue to call methods on it.
    
        .. versionchanged:: 0.7
            Teardown events for the request and app contexts are called
            even if an unhandled error occurs. Other events may not be
            called depending on when an error occurs during dispatch.
            See :ref:`callbacks-and-errors`.
    
        :param environ: A WSGI environment.
        :param start_response: A callable accepting a status code,
            a list of headers, and an optional exception context to
            start the response.
        """
        ctx = self.request_context(environ)
        error: BaseException | None = None
        try:
            try:
                ctx.push()
                response = self.full_dispatch_request()
            except Exception as e:
                error = e
>               response = self.handle_exception(e)

..\..\..\anaconda3\Lib\site-packages\flask\app.py:1514: 
_ _ _ _ _ _ _ _ _ _ _ _ _ _ _ _ _ _ _ _ _ _ _ _ _ _ _ _ _ _ _ _ _ _ _ _ _ _ _ _

self = <Flask 'app'>
environ = {'CONTENT_LENGTH': '108', 'CONTENT_TYPE': 'application/json', 'HTTP_HOST': 'localhost', 'HTTP_USER_AGENT': 'Werkzeug/3.1.3', ...}
start_response = <function run_wsgi_app.<locals>.start_response at 0x000001E487F17060>

    def wsgi_app(
        self, environ: WSGIEnvironment, start_response: StartResponse
    ) -> cabc.Iterable[bytes]:
        """The actual WSGI application. This is not implemented in
        :meth:`__call__` so that middlewares can be applied without
        losing a reference to the app object. Instead of doing this::
    
            app = MyMiddleware(app)
    
        It's a better idea to do this instead::
    
            app.wsgi_app = MyMiddleware(app.wsgi_app)
    
        Then you still have the original application object around and
        can continue to call methods on it.
    
        .. versionchanged:: 0.7
            Teardown events for the request and app contexts are called
            even if an unhandled error occurs. Other events may not be
            called depending on when an error occurs during dispatch.
            See :ref:`callbacks-and-errors`.
    
        :param environ: A WSGI environment.
        :param start_response: A callable accepting a status code,
            a list of headers, and an optional exception context to
            start the response.
        """
        ctx = self.request_context(environ)
        error: BaseException | None = None
        try:
            try:
                ctx.push()
>               response = self.full_dispatch_request()

..\..\..\anaconda3\Lib\site-packages\flask\app.py:1511: 
_ _ _ _ _ _ _ _ _ _ _ _ _ _ _ _ _ _ _ _ _ _ _ _ _ _ _ _ _ _ _ _ _ _ _ _ _ _ _ _

self = <Flask 'app'>

    def full_dispatch_request(self) -> Response:
        """Dispatches the request and on top of that performs request
        pre and postprocessing as well as HTTP exception catching and
        error handling.
    
        .. versionadded:: 0.7
        """
        self._got_first_request = True
    
        try:
            request_started.send(self, _async_wrapper=self.ensure_sync)
            rv = self.preprocess_request()
            if rv is None:
                rv = self.dispatch_request()
        except Exception as e:
>           rv = self.handle_user_exception(e)

..\..\..\anaconda3\Lib\site-packages\flask\app.py:919: 
_ _ _ _ _ _ _ _ _ _ _ _ _ _ _ _ _ _ _ _ _ _ _ _ _ _ _ _ _ _ _ _ _ _ _ _ _ _ _ _

self = <Flask 'app'>

    def full_dispatch_request(self) -> Response:
        """Dispatches the request and on top of that performs request
        pre and postprocessing as well as HTTP exception catching and
        error handling.
    
        .. versionadded:: 0.7
        """
        self._got_first_request = True
    
        try:
            request_started.send(self, _async_wrapper=self.ensure_sync)
            rv = self.preprocess_request()
            if rv is None:
>               rv = self.dispatch_request()

..\..\..\anaconda3\Lib\site-packages\flask\app.py:917: 
_ _ _ _ _ _ _ _ _ _ _ _ _ _ _ _ _ _ _ _ _ _ _ _ _ _ _ _ _ _ _ _ _ _ _ _ _ _ _ _

self = <Flask 'app'>

    def dispatch_request(self) -> ft.ResponseReturnValue:
        """Does the request dispatching.  Matches the URL and returns the
        return value of the view or error handler.  This does not have to
        be a response object.  In order to convert the return value to a
        proper response object, call :func:`make_response`.
    
        .. versionchanged:: 0.7
           This no longer does the exception handling, this code was
           moved to the new :meth:`full_dispatch_request`.
        """
        req = request_ctx.request
        if req.routing_exception is not None:
            self.raise_routing_exception(req)
        rule: Rule = req.url_rule  # type: ignore[assignment]
        # if we provide automatic options for this URL and the
        # request came with the OPTIONS method, reply automatically
        if (
            getattr(rule, "provide_automatic_options", False)
            and req.method == "OPTIONS"
        ):
            return self.make_default_options_response()
        # otherwise dispatch to the handler for that endpoint
        view_args: dict[str, t.Any] = req.view_args  # type: ignore[assignment]
>       return self.ensure_sync(self.view_functions[rule.endpoint])(**view_args)  # type: ignore[no-any-return]

..\..\..\anaconda3\Lib\site-packages\flask\app.py:902: 
_ _ _ _ _ _ _ _ _ _ _ _ _ _ _ _ _ _ _ _ _ _ _ _ _ _ _ _ _ _ _ _ _ _ _ _ _ _ _ _

    @app.route('/api/predict', methods=['POST'])
    def predict():
        data = request.json
        if not data:
            return jsonify({'error': 'Missing request body'}), 400
    
        results = {}
    
        # \u2500\u2500 PHQ-8 \u2500\u2500\u2500\u2500\u2500\u2500\u2500\u2500\u2500\u2500\u2500\u2500\u2500\u2500\u2500\u2500\u2500\u2500\u2500\u2500\u2500\u2500\u2500\u2500\u2500\u2500\u2500\u2500\u2500\u2500\u2500\u2500\u2500\u2500\u2500\u2500\u2500\u2500\u2500\u2500\u2500\u2500\u2500\u2500\u2500\u2500\u2500\u2500\u2500\u2500
        phq_answers = data.get('phqAnswers', [])
        if phq_answers and not validate_phq_answers(phq_answers):
            return jsonify({'error': 'Invalid PHQ-8 answers'}), 400
    
        phq_total   = sum(int(a) for a in phq_answers) if phq_answers else 0
        results['phq'] = {
            'score':     phq_total,
            'severity':  phq8_severity(phq_total),
            'depressed': phq_total >= 10,
        }
    
        # \u2500\u2500 Text analysis \u2500\u2500\u2500\u2500\u2500\u2500\u2500\u2500\u2500\u2500\u2500\u2500\u2500\u2500\u2500\u2500\u2500\u2500\u2500\u2500\u2500\u2500\u2500\u2500\u2500\u2500\u2500\u2500\u2500\u2500\u2500\u2500\u2500\u2500\u2500\u2500\u2500\u2500\u2500\u2500\u2500\u2500
        text      = data.get('interviewText', '')
        if isinstance(text, str):
            text = text[:10000]  # Truncate excessively long input
        text_prob = 0.5
        if text and isinstance(text, str) and len(text.strip()) >= 10:
            feats  = extract_text_features(text)
>           scaled = text_scaler.transform(feats.reshape(1, -1))

app.py:277: 
_ _ _ _ _ _ _ _ _ _ _ _ _ _ _ _ _ _ _ _ _ _ _ _ _ _ _ _ _ _ _ _ _ _ _ _ _ _ _ _

self = StandardScaler()
X = array([[0.        , 0.343     , 0.657     , 0.91      , 9.        ,
        9.        , 1.        , 4.33333333, 0.    ...    , 0.        , 0.        ,
        0.        , 0.        , 0.        , 0.        , 0.        ,
        0.        ]])
args = (), kwargs = {}

    @wraps(f)
    def wrapped(self, X, *args, **kwargs):
>       data_to_wrap = f(self, X, *args, **kwargs)

..\..\..\anaconda3\Lib\site-packages\sklearn\utils\_set_output.py:319: 
_ _ _ _ _ _ _ _ _ _ _ _ _ _ _ _ _ _ _ _ _ _ _ _ _ _ _ _ _ _ _ _ _ _ _ _ _ _ _ _

self = StandardScaler()
X = array([[0.        , 0.343     , 0.657     , 0.91      , 9.        ,
        9.        , 1.        , 4.33333333, 0.    ...    , 0.        , 0.        ,
        0.        , 0.        , 0.        , 0.        , 0.        ,
        0.        ]])
copy = True

    def transform(self, X, copy=None):
        """Perform standardization by centering and scaling.
    
        Parameters
        ----------
        X : {array-like, sparse matrix of shape (n_samples, n_features)
            The data used to scale along the features axis.
        copy : bool, default=None
            Copy the input X or not.
    
        Returns
        -------
        X_tr : {ndarray, sparse matrix} of shape (n_samples, n_features)
            Transformed array.
        """
        check_is_fitted(self)
    
        copy = copy if copy is not None else self.copy
>       X = validate_data(
            self,
            X,
            reset=False,
            accept_sparse="csr",
            copy=copy,
            dtype=FLOAT_DTYPES,
            force_writeable=True,
            ensure_all_finite="allow-nan",
        )

..\..\..\anaconda3\Lib\site-packages\sklearn\preprocessing\_data.py:1062: 
_ _ _ _ _ _ _ _ _ _ _ _ _ _ _ _ _ _ _ _ _ _ _ _ _ _ _ _ _ _ _ _ _ _ _ _ _ _ _ _

_estimator = StandardScaler()
X = array([[0.        , 0.343     , 0.657     , 0.91      , 9.        ,
        9.        , 1.        , 4.33333333, 0.    ...    , 0.        , 0.        ,
        0.        , 0.        , 0.        , 0.        , 0.        ,
        0.        ]])
y = 'no_validation', reset = False, validate_separately = False
skip_check_array = False
check_params = {'accept_sparse': 'csr', 'copy': True, 'dtype': (<class 'numpy.float64'>, <class 'numpy.float32'>, <class 'numpy.float16'>), 'ensure_all_finite': 'allow-nan', ...}
tags = Tags(estimator_type=None, target_tags=TargetTags(required=False, one_d_labels=False, two_d_labels=False, positive_only...False, sparse=False, categorical=False, string=False, dict=False, positive_only=False, allow_nan=True, pairwise=False))
no_val_X = False, no_val_y = True
default_check_params = {'estimator': StandardScaler()}
out = array([[0.        , 0.343     , 0.657     , 0.91      , 9.        ,
        9.        , 1.        , 4.33333333, 0.    ...    , 0.        , 0.        ,
        0.        , 0.        , 0.        , 0.        , 0.        ,
        0.        ]])

    def validate_data(
        _estimator,
        /,
        X="no_validation",
        y="no_validation",
        reset=True,
        validate_separately=False,
        skip_check_array=False,
        **check_params,
    ):
        """Validate input data and set or check feature names and counts of the input.
    
        This helper function should be used in an estimator that requires input
        validation. This mutates the estimator and sets the `n_features_in_` and
        `feature_names_in_` attributes if `reset=True`.
    
        .. versionadded:: 1.6
    
        Parameters
        ----------
        _estimator : estimator instance
            The estimator to validate the input for.
    
        X : {array-like, sparse matrix, dataframe} of shape \
                (n_samples, n_features), default='no validation'
            The input samples.
            If `'no_validation'`, no validation is performed on `X`. This is
            useful for meta-estimator which can delegate input validation to
            their underlying estimator(s). In that case `y` must be passed and
            the only accepted `check_params` are `multi_output` and
            `y_numeric`.
    
        y : array-like of shape (n_samples,), default='no_validation'
            The targets.
    
            - If `None`, :func:`~sklearn.utils.check_array` is called on `X`. If
              the estimator's `requires_y` tag is True, then an error will be raised.
            - If `'no_validation'`, :func:`~sklearn.utils.check_array` is called
              on `X` and the estimator's `requires_y` tag is ignored. This is a default
              placeholder and is never meant to be explicitly set. In that case `X` must be
              passed.
            - Otherwise, only `y` with `_check_y` or both `X` and `y` are checked with
              either :func:`~sklearn.utils.check_array` or
              :func:`~sklearn.utils.check_X_y` depending on `validate_separately`.
    
        reset : bool, default=True
            Whether to reset the `n_features_in_` attribute.
            If False, the input will be checked for consistency with data
            provided when reset was last True.
    
            .. note::
    
               It is recommended to call `reset=True` in `fit` and in the first
               call to `partial_fit`. All other methods that validate `X`
               should set `reset=False`.
    
        validate_separately : False or tuple of dicts, default=False
            Only used if `y` is not `None`.
            If `False`, call :func:`~sklearn.utils.check_X_y`. Else, it must be a tuple of
            kwargs to be used for calling :func:`~sklearn.utils.check_array` on `X` and `y`
            respectively.
    
            `estimator=self` is automatically added to these dicts to generate
            more informative error message in case of invalid input data.
    
        skip_check_array : bool, default=False
            If `True`, `X` and `y` are unchanged and only `feature_names_in_` and
            `n_features_in_` are checked. Otherwise, :func:`~sklearn.utils.check_array`
            is called on `X` and `y`.
    
        **check_params : kwargs
            Parameters passed to :func:`~sklearn.utils.check_array` or
            :func:`~sklearn.utils.check_X_y`. Ignored if validate_separately
            is not False.
    
            `estimator=self` is automatically added to these params to generate
            more informative error message in case of invalid input data.
    
        Returns
        -------
        out : {ndarray, sparse matrix} or tuple of these
            The validated input. A tuple is returned if both `X` and `y` are
            validated.
        """
        _check_feature_names(_estimator, X, reset=reset)
        tags = get_tags(_estimator)
        if y is None and tags.target_tags.required:
            raise ValueError(
                f"This {_estimator.__class__.__name__} estimator "
                "requires y to be passed, but the target y is None."
            )
    
        no_val_X = isinstance(X, str) and X == "no_validation"
        no_val_y = y is None or isinstance(y, str) and y == "no_validation"
    
        if no_val_X and no_val_y:
            raise ValueError("Validation should be done on X, y or both.")
    
        default_check_params = {"estimator": _estimator}
        check_params = {**default_check_params, **check_params}
    
        if skip_check_array:
            if not no_val_X and no_val_y:
                out = X
            elif no_val_X and not no_val_y:
                out = y
            else:
                out = X, y
        elif not no_val_X and no_val_y:
            out = check_array(X, input_name="X", **check_params)
        elif no_val_X and not no_val_y:
            out = _check_y(y, **check_params)
        else:
            if validate_separately:
                # We need this because some estimators validate X and y
                # separately, and in general, separately calling check_array()
                # on X and y isn't equivalent to just calling check_X_y()
                # :(
                check_X_params, check_y_params = validate_separately
                if "estimator" not in check_X_params:
                    check_X_params = {**default_check_params, **check_X_params}
                X = check_array(X, input_name="X", **check_X_params)
                if "estimator" not in check_y_params:
                    check_y_params = {**default_check_params, **check_y_params}
                y = check_array(y, input_name="y", **check_y_params)
            else:
                X, y = check_X_y(X, y, **check_params)
            out = X, y
    
        if not no_val_X and check_params.get("ensure_2d", True):
>           _check_n_features(_estimator, X, reset=reset)

..\..\..\anaconda3\Lib\site-packages\sklearn\utils\validation.py:2965: 
_ _ _ _ _ _ _ _ _ _ _ _ _ _ _ _ _ _ _ _ _ _ _ _ _ _ _ _ _ _ _ _ _ _ _ _ _ _ _ _

estimator = StandardScaler()
X = array([[0.        , 0.343     , 0.657     , 0.91      , 9.        ,
        9.        , 1.        , 4.33333333, 0.    ...    , 0.        , 0.        ,
        0.        , 0.        , 0.        , 0.        , 0.        ,
        0.        ]])
reset = False

    def _check_n_features(estimator, X, reset):
        """Set the `n_features_in_` attribute, or check against it on an estimator.
    
        .. versionchanged:: 1.6
            Moved from :class:`~sklearn.base.BaseEstimator` to
            :mod:`~sklearn.utils.validation`.
    
        Parameters
        ----------
        estimator : estimator instance
            The estimator to validate the input for.
    
        X : {ndarray, sparse matrix} of shape (n_samples, n_features)
            The input samples.
    
        reset : bool
            If True, the `n_features_in_` attribute is set to `X.shape[1]`.
            If False and the attribute exists, then check that it is equal to
            `X.shape[1]`. If False and the attribute does *not* exist, then
            the check is skipped.
            .. note::
               It is recommended to call reset=True in `fit` and in the first
               call to `partial_fit`. All other methods that validate `X`
               should set `reset=False`.
        """
        try:
            n_features = _num_features(X)
        except TypeError as e:
            if not reset and hasattr(estimator, "n_features_in_"):
                raise ValueError(
                    "X does not contain any features, but "
                    f"{estimator.__class__.__name__} is expecting "
                    f"{estimator.n_features_in_} features"
                ) from e
            # If the number of features is not defined and reset=True,
            # then we skip this check
            return
    
        if reset:
            estimator.n_features_in_ = n_features
            return
    
        if not hasattr(estimator, "n_features_in_"):
            # Skip this check if the expected number of expected input features
            # was not recorded by calling fit first. This is typically the case
            # for stateless transformers.
            return
    
        if n_features != estimator.n_features_in_:
>           raise ValueError(
                f"X has {n_features} features, but {estimator.__class__.__name__} "
                f"is expecting {estimator.n_features_in_} features as input."
            )
E           ValueError: X has 76 features, but StandardScaler is expecting 59 features as input.

..\..\..\anaconda3\Lib\site-packages\sklearn\utils\validation.py:2829: ValueError
__________________ TestAPIEndpoints.test_predict_with_visual __________________

self = <test_app.TestAPIEndpoints object at 0x000001E4FF863130>
client = <FlaskClient <Flask 'app'>>

    def test_predict_with_visual(self, client):
>       rv = client.post('/api/predict',
                         json={
                             'phqAnswers': [2, 2, 2, 2, 2, 2, 2, 2],
                             'interviewText': 'I have been feeling down and hopeless lately',
                             'visualData': {
                                 'samplesCollected': 10,
                                 'visualProb': 0.7,
                                 'flatAffect': 0.5,
                                 'expressions': {'sad': 0.6, 'neutral': 0.3}
                             }
                         },
                         content_type='application/json')

tests\test_app.py:172: 
_ _ _ _ _ _ _ _ _ _ _ _ _ _ _ _ _ _ _ _ _ _ _ _ _ _ _ _ _ _ _ _ _ _ _ _ _ _ _ _

self = <FlaskClient <Flask 'app'>>, args = ('/api/predict',)
kw = {'content_type': 'application/json', 'json': {'interviewText': 'I have been feeling down and hopeless lately', 'phqAns...sions': {'neutral': 0.3, 'sad': 0.6}, 'flatAffect': 0.5, 'samplesCollected': 10, 'visualProb': 0.7}}, 'method': 'POST'}

    def post(self, *args: t.Any, **kw: t.Any) -> TestResponse:
        """Call :meth:`open` with ``method`` set to ``POST``."""
        kw["method"] = "POST"
>       return self.open(*args, **kw)

..\..\..\anaconda3\Lib\site-packages\werkzeug\test.py:1167: 
_ _ _ _ _ _ _ _ _ _ _ _ _ _ _ _ _ _ _ _ _ _ _ _ _ _ _ _ _ _ _ _ _ _ _ _ _ _ _ _

self = <FlaskClient <Flask 'app'>>, buffered = False, follow_redirects = False
args = ('/api/predict',)
kwargs = {'content_type': 'application/json', 'environ_base': {'HTTP_USER_AGENT': 'Werkzeug/3.1.3', 'REMOTE_ADDR': '127.0.0.1',...sions': {'neutral': 0.3, 'sad': 0.6}, 'flatAffect': 0.5, 'samplesCollected': 10, 'visualProb': 0.7}}, 'method': 'POST'}
request = <Request 'http://localhost/api/predict' [POST]>

    def open(
        self,
        *args: t.Any,
        buffered: bool = False,
        follow_redirects: bool = False,
        **kwargs: t.Any,
    ) -> TestResponse:
        if args and isinstance(
            args[0], (werkzeug.test.EnvironBuilder, dict, BaseRequest)
        ):
            if isinstance(args[0], werkzeug.test.EnvironBuilder):
                builder = copy(args[0])
                builder.environ_base = self._copy_environ(builder.environ_base or {})  # type: ignore[arg-type]
                request = builder.get_request()
            elif isinstance(args[0], dict):
                request = EnvironBuilder.from_environ(
                    args[0], app=self.application, environ_base=self._copy_environ({})
                ).get_request()
            else:
                # isinstance(args[0], BaseRequest)
                request = copy(args[0])
                request.environ = self._copy_environ(request.environ)
        else:
            # request is None
            request = self._request_from_builder_args(args, kwargs)
    
        # Pop any previously preserved contexts. This prevents contexts
        # from being preserved across redirects or multiple requests
        # within a single block.
        self._context_stack.close()
    
>       response = super().open(
            request,
            buffered=buffered,
            follow_redirects=follow_redirects,
        )

..\..\..\anaconda3\Lib\site-packages\flask\testing.py:234: 
_ _ _ _ _ _ _ _ _ _ _ _ _ _ _ _ _ _ _ _ _ _ _ _ _ _ _ _ _ _ _ _ _ _ _ _ _ _ _ _

self = <FlaskClient <Flask 'app'>>, buffered = False, follow_redirects = False
args = (<Request 'http://localhost/api/predict' [POST]>,), kwargs = {}
request = <Request 'http://localhost/api/predict' [POST]>
arg = <Request 'http://localhost/api/predict' [POST]>

    def open(
        self,
        *args: t.Any,
        buffered: bool = False,
        follow_redirects: bool = False,
        **kwargs: t.Any,
    ) -> TestResponse:
        """Generate an environ dict from the given arguments, make a
        request to the application using it, and return the response.
    
        :param args: Passed to :class:`EnvironBuilder` to create the
            environ for the request. If a single arg is passed, it can
            be an existing :class:`EnvironBuilder` or an environ dict.
        :param buffered: Convert the iterator returned by the app into
            a list. If the iterator has a ``close()`` method, it is
            called automatically.
        :param follow_redirects: Make additional requests to follow HTTP
            redirects until a non-redirect status is returned.
            :attr:`TestResponse.history` lists the intermediate
            responses.
    
        .. versionchanged:: 2.1
            Removed the ``as_tuple`` parameter.
    
        .. versionchanged:: 2.0
            The request input stream is closed when calling
            ``response.close()``. Input streams for redirects are
            automatically closed.
    
        .. versionchanged:: 0.5
            If a dict is provided as file in the dict for the ``data``
            parameter the content type has to be called ``content_type``
            instead of ``mimetype``. This change was made for
            consistency with :class:`werkzeug.FileWrapper`.
    
        .. versionchanged:: 0.5
            Added the ``follow_redirects`` parameter.
        """
        request: Request | None = None
    
        if not kwargs and len(args) == 1:
            arg = args[0]
    
            if isinstance(arg, EnvironBuilder):
                request = arg.get_request()
            elif isinstance(arg, dict):
                request = EnvironBuilder.from_environ(arg).get_request()
            elif isinstance(arg, Request):
                request = arg
    
        if request is None:
            builder = EnvironBuilder(*args, **kwargs)
    
            try:
                request = builder.get_request()
            finally:
                builder.close()
    
>       response_parts = self.run_wsgi_app(request.environ, buffered=buffered)

..\..\..\anaconda3\Lib\site-packages\werkzeug\test.py:1116: 
_ _ _ _ _ _ _ _ _ _ _ _ _ _ _ _ _ _ _ _ _ _ _ _ _ _ _ _ _ _ _ _ _ _ _ _ _ _ _ _

self = <FlaskClient <Flask 'app'>>
environ = {'CONTENT_LENGTH': '228', 'CONTENT_TYPE': 'application/json', 'HTTP_HOST': 'localhost', 'HTTP_USER_AGENT': 'Werkzeug/3.1.3', ...}
buffered = False

    def run_wsgi_app(
        self, environ: WSGIEnvironment, buffered: bool = False
    ) -> tuple[t.Iterable[bytes], str, Headers]:
        """Runs the wrapped WSGI app with the given environment.
    
        :meta private:
        """
        self._add_cookies_to_wsgi(environ)
>       rv = run_wsgi_app(self.application, environ, buffered=buffered)

..\..\..\anaconda3\Lib\site-packages\werkzeug\test.py:988: 
_ _ _ _ _ _ _ _ _ _ _ _ _ _ _ _ _ _ _ _ _ _ _ _ _ _ _ _ _ _ _ _ _ _ _ _ _ _ _ _

app = <Flask 'app'>
environ = {'CONTENT_LENGTH': '228', 'CONTENT_TYPE': 'application/json', 'HTTP_HOST': 'localhost', 'HTTP_USER_AGENT': 'Werkzeug/3.1.3', ...}
buffered = False

    def run_wsgi_app(
        app: WSGIApplication, environ: WSGIEnvironment, buffered: bool = False
    ) -> tuple[t.Iterable[bytes], str, Headers]:
        """Return a tuple in the form (app_iter, status, headers) of the
        application output.  This works best if you pass it an application that
        returns an iterator all the time.
    
        Sometimes applications may use the `write()` callable returned
        by the `start_response` function.  This tries to resolve such edge
        cases automatically.  But if you don't get the expected output you
        should set `buffered` to `True` which enforces buffering.
    
        If passed an invalid WSGI application the behavior of this function is
        undefined.  Never pass non-conforming WSGI applications to this function.
    
        :param app: the application to execute.
        :param buffered: set to `True` to enforce buffering.
        :return: tuple in the form ``(app_iter, status, headers)``
        """
        # Copy environ to ensure any mutations by the app (ProxyFix, for
        # example) don't affect subsequent requests (such as redirects).
        environ = _get_environ(environ).copy()
        status: str
        response: tuple[str, list[tuple[str, str]]] | None = None
        buffer: list[bytes] = []
    
        def start_response(status, headers, exc_info=None):  # type: ignore
            nonlocal response
    
            if exc_info:
                try:
                    raise exc_info[1].with_traceback(exc_info[2])
                finally:
                    exc_info = None
    
            response = (status, headers)
            return buffer.append
    
>       app_rv = app(environ, start_response)

..\..\..\anaconda3\Lib\site-packages\werkzeug\test.py:1264: 
_ _ _ _ _ _ _ _ _ _ _ _ _ _ _ _ _ _ _ _ _ _ _ _ _ _ _ _ _ _ _ _ _ _ _ _ _ _ _ _

self = <Flask 'app'>
environ = {'CONTENT_LENGTH': '228', 'CONTENT_TYPE': 'application/json', 'HTTP_HOST': 'localhost', 'HTTP_USER_AGENT': 'Werkzeug/3.1.3', ...}
start_response = <function run_wsgi_app.<locals>.start_response at 0x000001E48F3874C0>

    def __call__(
        self, environ: WSGIEnvironment, start_response: StartResponse
    ) -> cabc.Iterable[bytes]:
        """The WSGI server calls the Flask application object as the
        WSGI application. This calls :meth:`wsgi_app`, which can be
        wrapped to apply middleware.
        """
>       return self.wsgi_app(environ, start_response)

..\..\..\anaconda3\Lib\site-packages\flask\app.py:1536: 
_ _ _ _ _ _ _ _ _ _ _ _ _ _ _ _ _ _ _ _ _ _ _ _ _ _ _ _ _ _ _ _ _ _ _ _ _ _ _ _

self = <Flask 'app'>
environ = {'CONTENT_LENGTH': '228', 'CONTENT_TYPE': 'application/json', 'HTTP_HOST': 'localhost', 'HTTP_USER_AGENT': 'Werkzeug/3.1.3', ...}
start_response = <function run_wsgi_app.<locals>.start_response at 0x000001E48F3874C0>

    def wsgi_app(
        self, environ: WSGIEnvironment, start_response: StartResponse
    ) -> cabc.Iterable[bytes]:
        """The actual WSGI application. This is not implemented in
        :meth:`__call__` so that middlewares can be applied without
        losing a reference to the app object. Instead of doing this::
    
            app = MyMiddleware(app)
    
        It's a better idea to do this instead::
    
            app.wsgi_app = MyMiddleware(app.wsgi_app)
    
        Then you still have the original application object around and
        can continue to call methods on it.
    
        .. versionchanged:: 0.7
            Teardown events for the request and app contexts are called
            even if an unhandled error occurs. Other events may not be
            called depending on when an error occurs during dispatch.
            See :ref:`callbacks-and-errors`.
    
        :param environ: A WSGI environment.
        :param start_response: A callable accepting a status code,
            a list of headers, and an optional exception context to
            start the response.
        """
        ctx = self.request_context(environ)
        error: BaseException | None = None
        try:
            try:
                ctx.push()
                response = self.full_dispatch_request()
            except Exception as e:
                error = e
>               response = self.handle_exception(e)

..\..\..\anaconda3\Lib\site-packages\flask\app.py:1514: 
_ _ _ _ _ _ _ _ _ _ _ _ _ _ _ _ _ _ _ _ _ _ _ _ _ _ _ _ _ _ _ _ _ _ _ _ _ _ _ _

self = <Flask 'app'>
environ = {'CONTENT_LENGTH': '228', 'CONTENT_TYPE': 'application/json', 'HTTP_HOST': 'localhost', 'HTTP_USER_AGENT': 'Werkzeug/3.1.3', ...}
start_response = <function run_wsgi_app.<locals>.start_response at 0x000001E48F3874C0>

    def wsgi_app(
        self, environ: WSGIEnvironment, start_response: StartResponse
    ) -> cabc.Iterable[bytes]:
        """The actual WSGI application. This is not implemented in
        :meth:`__call__` so that middlewares can be applied without
        losing a reference to the app object. Instead of doing this::
    
            app = MyMiddleware(app)
    
        It's a better idea to do this instead::
    
            app.wsgi_app = MyMiddleware(app.wsgi_app)
    
        Then you still have the original application object around and
        can continue to call methods on it.
    
        .. versionchanged:: 0.7
            Teardown events for the request and app contexts are called
            even if an unhandled error occurs. Other events may not be
            called depending on when an error occurs during dispatch.
            See :ref:`callbacks-and-errors`.
    
        :param environ: A WSGI environment.
        :param start_response: A callable accepting a status code,
            a list of headers, and an optional exception context to
            start the response.
        """
        ctx = self.request_context(environ)
        error: BaseException | None = None
        try:
            try:
                ctx.push()
>               response = self.full_dispatch_request()

..\..\..\anaconda3\Lib\site-packages\flask\app.py:1511: 
_ _ _ _ _ _ _ _ _ _ _ _ _ _ _ _ _ _ _ _ _ _ _ _ _ _ _ _ _ _ _ _ _ _ _ _ _ _ _ _

self = <Flask 'app'>

    def full_dispatch_request(self) -> Response:
        """Dispatches the request and on top of that performs request
        pre and postprocessing as well as HTTP exception catching and
        error handling.
    
        .. versionadded:: 0.7
        """
        self._got_first_request = True
    
        try:
            request_started.send(self, _async_wrapper=self.ensure_sync)
            rv = self.preprocess_request()
            if rv is None:
                rv = self.dispatch_request()
        except Exception as e:
>           rv = self.handle_user_exception(e)

..\..\..\anaconda3\Lib\site-packages\flask\app.py:919: 
_ _ _ _ _ _ _ _ _ _ _ _ _ _ _ _ _ _ _ _ _ _ _ _ _ _ _ _ _ _ _ _ _ _ _ _ _ _ _ _

self = <Flask 'app'>

    def full_dispatch_request(self) -> Response:
        """Dispatches the request and on top of that performs request
        pre and postprocessing as well as HTTP exception catching and
        error handling.
    
        .. versionadded:: 0.7
        """
        self._got_first_request = True
    
        try:
            request_started.send(self, _async_wrapper=self.ensure_sync)
            rv = self.preprocess_request()
            if rv is None:
>               rv = self.dispatch_request()

..\..\..\anaconda3\Lib\site-packages\flask\app.py:917: 
_ _ _ _ _ _ _ _ _ _ _ _ _ _ _ _ _ _ _ _ _ _ _ _ _ _ _ _ _ _ _ _ _ _ _ _ _ _ _ _

self = <Flask 'app'>

    def dispatch_request(self) -> ft.ResponseReturnValue:
        """Does the request dispatching.  Matches the URL and returns the
        return value of the view or error handler.  This does not have to
        be a response object.  In order to convert the return value to a
        proper response object, call :func:`make_response`.
    
        .. versionchanged:: 0.7
           This no longer does the exception handling, this code was
           moved to the new :meth:`full_dispatch_request`.
        """
        req = request_ctx.request
        if req.routing_exception is not None:
            self.raise_routing_exception(req)
        rule: Rule = req.url_rule  # type: ignore[assignment]
        # if we provide automatic options for this URL and the
        # request came with the OPTIONS method, reply automatically
        if (
            getattr(rule, "provide_automatic_options", False)
            and req.method == "OPTIONS"
        ):
            return self.make_default_options_response()
        # otherwise dispatch to the handler for that endpoint
        view_args: dict[str, t.Any] = req.view_args  # type: ignore[assignment]
>       return self.ensure_sync(self.view_functions[rule.endpoint])(**view_args)  # type: ignore[no-any-return]

..\..\..\anaconda3\Lib\site-packages\flask\app.py:902: 
_ _ _ _ _ _ _ _ _ _ _ _ _ _ _ _ _ _ _ _ _ _ _ _ _ _ _ _ _ _ _ _ _ _ _ _ _ _ _ _

    @app.route('/api/predict', methods=['POST'])
    def predict():
        data = request.json
        if not data:
            return jsonify({'error': 'Missing request body'}), 400
    
        results = {}
    
        # \u2500\u2500 PHQ-8 \u2500\u2500\u2500\u2500\u2500\u2500\u2500\u2500\u2500\u2500\u2500\u2500\u2500\u2500\u2500\u2500\u2500\u2500\u2500\u2500\u2500\u2500\u2500\u2500\u2500\u2500\u2500\u2500\u2500\u2500\u2500\u2500\u2500\u2500\u2500\u2500\u2500\u2500\u2500\u2500\u2500\u2500\u2500\u2500\u2500\u2500\u2500\u2500\u2500\u2500
        phq_answers = data.get('phqAnswers', [])
        if phq_answers and not validate_phq_answers(phq_answers):
            return jsonify({'error': 'Invalid PHQ-8 answers'}), 400
    
        phq_total   = sum(int(a) for a in phq_answers) if phq_answers else 0
        results['phq'] = {
            'score':     phq_total,
            'severity':  phq8_severity(phq_total),
            'depressed': phq_total >= 10,
        }
    
        # \u2500\u2500 Text analysis \u2500\u2500\u2500\u2500\u2500\u2500\u2500\u2500\u2500\u2500\u2500\u2500\u2500\u2500\u2500\u2500\u2500\u2500\u2500\u2500\u2500\u2500\u2500\u2500\u2500\u2500\u2500\u2500\u2500\u2500\u2500\u2500\u2500\u2500\u2500\u2500\u2500\u2500\u2500\u2500\u2500\u2500
        text      = data.get('interviewText', '')
        if isinstance(text, str):
            text = text[:10000]  # Truncate excessively long input
        text_prob = 0.5
        if text and isinstance(text, str) and len(text.strip()) >= 10:
            feats  = extract_text_features(text)
>           scaled = text_scaler.transform(feats.reshape(1, -1))

app.py:277: 
_ _ _ _ _ _ _ _ _ _ _ _ _ _ _ _ _ _ _ _ _ _ _ _ _ _ _ _ _ _ _ _ _ _ _ _ _ _ _ _

self = StandardScaler()
X = array([[ 0.286 ,  0.571 ,  0.143 , -0.3612,  8.    ,  8.    ,  1.    ,
         4.625 ,  0.    ,  1.    ,  0.125 ,  1....,  0.    ,  0.    ,  0.    ,  0.    ,  0.    ,  0.    ,
         0.    ,  0.    ,  0.    ,  0.    ,  0.    ,  0.    ]])
args = (), kwargs = {}

    @wraps(f)
    def wrapped(self, X, *args, **kwargs):
>       data_to_wrap = f(self, X, *args, **kwargs)

..\..\..\anaconda3\Lib\site-packages\sklearn\utils\_set_output.py:319: 
_ _ _ _ _ _ _ _ _ _ _ _ _ _ _ _ _ _ _ _ _ _ _ _ _ _ _ _ _ _ _ _ _ _ _ _ _ _ _ _

self = StandardScaler()
X = array([[ 0.286 ,  0.571 ,  0.143 , -0.3612,  8.    ,  8.    ,  1.    ,
         4.625 ,  0.    ,  1.    ,  0.125 ,  1....,  0.    ,  0.    ,  0.    ,  0.    ,  0.    ,  0.    ,
         0.    ,  0.    ,  0.    ,  0.    ,  0.    ,  0.    ]])
copy = True

    def transform(self, X, copy=None):
        """Perform standardization by centering and scaling.
    
        Parameters
        ----------
        X : {array-like, sparse matrix of shape (n_samples, n_features)
            The data used to scale along the features axis.
        copy : bool, default=None
            Copy the input X or not.
    
        Returns
        -------
        X_tr : {ndarray, sparse matrix} of shape (n_samples, n_features)
            Transformed array.
        """
        check_is_fitted(self)
    
        copy = copy if copy is not None else self.copy
>       X = validate_data(
            self,
            X,
            reset=False,
            accept_sparse="csr",
            copy=copy,
            dtype=FLOAT_DTYPES,
            force_writeable=True,
            ensure_all_finite="allow-nan",
        )

..\..\..\anaconda3\Lib\site-packages\sklearn\preprocessing\_data.py:1062: 
_ _ _ _ _ _ _ _ _ _ _ _ _ _ _ _ _ _ _ _ _ _ _ _ _ _ _ _ _ _ _ _ _ _ _ _ _ _ _ _

_estimator = StandardScaler()
X = array([[ 0.286 ,  0.571 ,  0.143 , -0.3612,  8.    ,  8.    ,  1.    ,
         4.625 ,  0.    ,  1.    ,  0.125 ,  1....,  0.    ,  0.    ,  0.    ,  0.    ,  0.    ,  0.    ,
         0.    ,  0.    ,  0.    ,  0.    ,  0.    ,  0.    ]])
y = 'no_validation', reset = False, validate_separately = False
skip_check_array = False
check_params = {'accept_sparse': 'csr', 'copy': True, 'dtype': (<class 'numpy.float64'>, <class 'numpy.float32'>, <class 'numpy.float16'>), 'ensure_all_finite': 'allow-nan', ...}
tags = Tags(estimator_type=None, target_tags=TargetTags(required=False, one_d_labels=False, two_d_labels=False, positive_only...False, sparse=False, categorical=False, string=False, dict=False, positive_only=False, allow_nan=True, pairwise=False))
no_val_X = False, no_val_y = True
default_check_params = {'estimator': StandardScaler()}
out = array([[ 0.286 ,  0.571 ,  0.143 , -0.3612,  8.    ,  8.    ,  1.    ,
         4.625 ,  0.    ,  1.    ,  0.125 ,  1....,  0.    ,  0.    ,  0.    ,  0.    ,  0.    ,  0.    ,
         0.    ,  0.    ,  0.    ,  0.    ,  0.    ,  0.    ]])

    def validate_data(
        _estimator,
        /,
        X="no_validation",
        y="no_validation",
        reset=True,
        validate_separately=False,
        skip_check_array=False,
        **check_params,
    ):
        """Validate input data and set or check feature names and counts of the input.
    
        This helper function should be used in an estimator that requires input
        validation. This mutates the estimator and sets the `n_features_in_` and
        `feature_names_in_` attributes if `reset=True`.
    
        .. versionadded:: 1.6
    
        Parameters
        ----------
        _estimator : estimator instance
            The estimator to validate the input for.
    
        X : {array-like, sparse matrix, dataframe} of shape \
                (n_samples, n_features), default='no validation'
            The input samples.
            If `'no_validation'`, no validation is performed on `X`. This is
            useful for meta-estimator which can delegate input validation to
            their underlying estimator(s). In that case `y` must be passed and
            the only accepted `check_params` are `multi_output` and
            `y_numeric`.
    
        y : array-like of shape (n_samples,), default='no_validation'
            The targets.
    
            - If `None`, :func:`~sklearn.utils.check_array` is called on `X`. If
              the estimator's `requires_y` tag is True, then an error will be raised.
            - If `'no_validation'`, :func:`~sklearn.utils.check_array` is called
              on `X` and the estimator's `requires_y` tag is ignored. This is a default
              placeholder and is never meant to be explicitly set. In that case `X` must be
              passed.
            - Otherwise, only `y` with `_check_y` or both `X` and `y` are checked with
              either :func:`~sklearn.utils.check_array` or
              :func:`~sklearn.utils.check_X_y` depending on `validate_separately`.
    
        reset : bool, default=True
            Whether to reset the `n_features_in_` attribute.
            If False, the input will be checked for consistency with data
            provided when reset was last True.
    
            .. note::
    
               It is recommended to call `reset=True` in `fit` and in the first
               call to `partial_fit`. All other methods that validate `X`
               should set `reset=False`.
    
        validate_separately : False or tuple of dicts, default=False
            Only used if `y` is not `None`.
            If `False`, call :func:`~sklearn.utils.check_X_y`. Else, it must be a tuple of
            kwargs to be used for calling :func:`~sklearn.utils.check_array` on `X` and `y`
            respectively.
    
            `estimator=self` is automatically added to these dicts to generate
            more informative error message in case of invalid input data.
    
        skip_check_array : bool, default=False
            If `True`, `X` and `y` are unchanged and only `feature_names_in_` and
            `n_features_in_` are checked. Otherwise, :func:`~sklearn.utils.check_array`
            is called on `X` and `y`.
    
        **check_params : kwargs
            Parameters passed to :func:`~sklearn.utils.check_array` or
            :func:`~sklearn.utils.check_X_y`. Ignored if validate_separately
            is not False.
    
            `estimator=self` is automatically added to these params to generate
            more informative error message in case of invalid input data.
    
        Returns
        -------
        out : {ndarray, sparse matrix} or tuple of these
            The validated input. A tuple is returned if both `X` and `y` are
            validated.
        """
        _check_feature_names(_estimator, X, reset=reset)
        tags = get_tags(_estimator)
        if y is None and tags.target_tags.required:
            raise ValueError(
                f"This {_estimator.__class__.__name__} estimator "
                "requires y to be passed, but the target y is None."
            )
    
        no_val_X = isinstance(X, str) and X == "no_validation"
        no_val_y = y is None or isinstance(y, str) and y == "no_validation"
    
        if no_val_X and no_val_y:
            raise ValueError("Validation should be done on X, y or both.")
    
        default_check_params = {"estimator": _estimator}
        check_params = {**default_check_params, **check_params}
    
        if skip_check_array:
            if not no_val_X and no_val_y:
                out = X
            elif no_val_X and not no_val_y:
                out = y
            else:
                out = X, y
        elif not no_val_X and no_val_y:
            out = check_array(X, input_name="X", **check_params)
        elif no_val_X and not no_val_y:
            out = _check_y(y, **check_params)
        else:
            if validate_separately:
                # We need this because some estimators validate X and y
                # separately, and in general, separately calling check_array()
                # on X and y isn't equivalent to just calling check_X_y()
                # :(
                check_X_params, check_y_params = validate_separately
                if "estimator" not in check_X_params:
                    check_X_params = {**default_check_params, **check_X_params}
                X = check_array(X, input_name="X", **check_X_params)
                if "estimator" not in check_y_params:
                    check_y_params = {**default_check_params, **check_y_params}
                y = check_array(y, input_name="y", **check_y_params)
            else:
                X, y = check_X_y(X, y, **check_params)
            out = X, y
    
        if not no_val_X and check_params.get("ensure_2d", True):
>           _check_n_features(_estimator, X, reset=reset)

..\..\..\anaconda3\Lib\site-packages\sklearn\utils\validation.py:2965: 
_ _ _ _ _ _ _ _ _ _ _ _ _ _ _ _ _ _ _ _ _ _ _ _ _ _ _ _ _ _ _ _ _ _ _ _ _ _ _ _

estimator = StandardScaler()
X = array([[ 0.286 ,  0.571 ,  0.143 , -0.3612,  8.    ,  8.    ,  1.    ,
         4.625 ,  0.    ,  1.    ,  0.125 ,  1....,  0.    ,  0.    ,  0.    ,  0.    ,  0.    ,  0.    ,
         0.    ,  0.    ,  0.    ,  0.    ,  0.    ,  0.    ]])
reset = False

    def _check_n_features(estimator, X, reset):
        """Set the `n_features_in_` attribute, or check against it on an estimator.
    
        .. versionchanged:: 1.6
            Moved from :class:`~sklearn.base.BaseEstimator` to
            :mod:`~sklearn.utils.validation`.
    
        Parameters
        ----------
        estimator : estimator instance
            The estimator to validate the input for.
    
        X : {ndarray, sparse matrix} of shape (n_samples, n_features)
            The input samples.
    
        reset : bool
            If True, the `n_features_in_` attribute is set to `X.shape[1]`.
            If False and the attribute exists, then check that it is equal to
            `X.shape[1]`. If False and the attribute does *not* exist, then
            the check is skipped.
            .. note::
               It is recommended to call reset=True in `fit` and in the first
               call to `partial_fit`. All other methods that validate `X`
               should set `reset=False`.
        """
        try:
            n_features = _num_features(X)
        except TypeError as e:
            if not reset and hasattr(estimator, "n_features_in_"):
                raise ValueError(
                    "X does not contain any features, but "
                    f"{estimator.__class__.__name__} is expecting "
                    f"{estimator.n_features_in_} features"
                ) from e
            # If the number of features is not defined and reset=True,
            # then we skip this check
            return
    
        if reset:
            estimator.n_features_in_ = n_features
            return
    
        if not hasattr(estimator, "n_features_in_"):
            # Skip this check if the expected number of expected input features
            # was not recorded by calling fit first. This is typically the case
            # for stateless transformers.
            return
    
        if n_features != estimator.n_features_in_:
>           raise ValueError(
                f"X has {n_features} features, but {estimator.__class__.__name__} "
                f"is expecting {estimator.n_features_in_} features as input."
            )
E           ValueError: X has 76 features, but StandardScaler is expecting 59 features as input.

..\..\..\anaconda3\Lib\site-packages\sklearn\utils\validation.py:2829: ValueError
__________________ TestAPIEndpoints.test_predict_with_audio ___________________

self = <test_app.TestAPIEndpoints object at 0x000001E4FED8A950>
client = <FlaskClient <Flask 'app'>>

    def test_predict_with_audio(self, client):
>       rv = client.post('/api/predict',
                         json={
                             'phqAnswers': [1, 1, 1, 1, 1, 1, 1, 1],
                             'interviewText': 'I am doing okay I guess',
                             'audioData': {
                                 'samplesCollected': 5,
                                 'audioProb': 0.4,
                                 'avgEnergy': 0.5,
                                 'pauseRatio': 0.3,
                                 'speechRate': 120
                             }
                         },
                         content_type='application/json')

tests\test_app.py:192: 
_ _ _ _ _ _ _ _ _ _ _ _ _ _ _ _ _ _ _ _ _ _ _ _ _ _ _ _ _ _ _ _ _ _ _ _ _ _ _ _

self = <FlaskClient <Flask 'app'>>, args = ('/api/predict',)
kw = {'content_type': 'application/json', 'json': {'audioData': {'audioProb': 0.4, 'avgEnergy': 0.5, 'pauseRatio': 0.3, 'sa...lected': 5, ...}, 'interviewText': 'I am doing okay I guess', 'phqAnswers': [1, 1, 1, 1, 1, 1, ...]}, 'method': 'POST'}

    def post(self, *args: t.Any, **kw: t.Any) -> TestResponse:
        """Call :meth:`open` with ``method`` set to ``POST``."""
        kw["method"] = "POST"
>       return self.open(*args, **kw)

..\..\..\anaconda3\Lib\site-packages\werkzeug\test.py:1167: 
_ _ _ _ _ _ _ _ _ _ _ _ _ _ _ _ _ _ _ _ _ _ _ _ _ _ _ _ _ _ _ _ _ _ _ _ _ _ _ _

self = <FlaskClient <Flask 'app'>>, buffered = False, follow_redirects = False
args = ('/api/predict',)
kwargs = {'content_type': 'application/json', 'environ_base': {'HTTP_USER_AGENT': 'Werkzeug/3.1.3', 'REMOTE_ADDR': '127.0.0.1',...lected': 5, ...}, 'interviewText': 'I am doing okay I guess', 'phqAnswers': [1, 1, 1, 1, 1, 1, ...]}, 'method': 'POST'}
request = <Request 'http://localhost/api/predict' [POST]>

    def open(
        self,
        *args: t.Any,
        buffered: bool = False,
        follow_redirects: bool = False,
        **kwargs: t.Any,
    ) -> TestResponse:
        if args and isinstance(
            args[0], (werkzeug.test.EnvironBuilder, dict, BaseRequest)
        ):
            if isinstance(args[0], werkzeug.test.EnvironBuilder):
                builder = copy(args[0])
                builder.environ_base = self._copy_environ(builder.environ_base or {})  # type: ignore[arg-type]
                request = builder.get_request()
            elif isinstance(args[0], dict):
                request = EnvironBuilder.from_environ(
                    args[0], app=self.application, environ_base=self._copy_environ({})
                ).get_request()
            else:
                # isinstance(args[0], BaseRequest)
                request = copy(args[0])
                request.environ = self._copy_environ(request.environ)
        else:
            # request is None
            request = self._request_from_builder_args(args, kwargs)
    
        # Pop any previously preserved contexts. This prevents contexts
        # from being preserved across redirects or multiple requests
        # within a single block.
        self._context_stack.close()
    
>       response = super().open(
            request,
            buffered=buffered,
            follow_redirects=follow_redirects,
        )

..\..\..\anaconda3\Lib\site-packages\flask\testing.py:234: 
_ _ _ _ _ _ _ _ _ _ _ _ _ _ _ _ _ _ _ _ _ _ _ _ _ _ _ _ _ _ _ _ _ _ _ _ _ _ _ _

self = <FlaskClient <Flask 'app'>>, buffered = False, follow_redirects = False
args = (<Request 'http://localhost/api/predict' [POST]>,), kwargs = {}
request = <Request 'http://localhost/api/predict' [POST]>
arg = <Request 'http://localhost/api/predict' [POST]>

    def open(
        self,
        *args: t.Any,
        buffered: bool = False,
        follow_redirects: bool = False,
        **kwargs: t.Any,
    ) -> TestResponse:
        """Generate an environ dict from the given arguments, make a
        request to the application using it, and return the response.
    
        :param args: Passed to :class:`EnvironBuilder` to create the
            environ for the request. If a single arg is passed, it can
            be an existing :class:`EnvironBuilder` or an environ dict.
        :param buffered: Convert the iterator returned by the app into
            a list. If the iterator has a ``close()`` method, it is
            called automatically.
        :param follow_redirects: Make additional requests to follow HTTP
            redirects until a non-redirect status is returned.
            :attr:`TestResponse.history` lists the intermediate
            responses.
    
        .. versionchanged:: 2.1
            Removed the ``as_tuple`` parameter.
    
        .. versionchanged:: 2.0
            The request input stream is closed when calling
            ``response.close()``. Input streams for redirects are
            automatically closed.
    
        .. versionchanged:: 0.5
            If a dict is provided as file in the dict for the ``data``
            parameter the content type has to be called ``content_type``
            instead of ``mimetype``. This change was made for
            consistency with :class:`werkzeug.FileWrapper`.
    
        .. versionchanged:: 0.5
            Added the ``follow_redirects`` parameter.
        """
        request: Request | None = None
    
        if not kwargs and len(args) == 1:
            arg = args[0]
    
            if isinstance(arg, EnvironBuilder):
                request = arg.get_request()
            elif isinstance(arg, dict):
                request = EnvironBuilder.from_environ(arg).get_request()
            elif isinstance(arg, Request):
                request = arg
    
        if request is None:
            builder = EnvironBuilder(*args, **kwargs)
    
            try:
                request = builder.get_request()
            finally:
                builder.close()
    
>       response_parts = self.run_wsgi_app(request.environ, buffered=buffered)

..\..\..\anaconda3\Lib\site-packages\werkzeug\test.py:1116: 
_ _ _ _ _ _ _ _ _ _ _ _ _ _ _ _ _ _ _ _ _ _ _ _ _ _ _ _ _ _ _ _ _ _ _ _ _ _ _ _

self = <FlaskClient <Flask 'app'>>
environ = {'CONTENT_LENGTH': '196', 'CONTENT_TYPE': 'application/json', 'HTTP_HOST': 'localhost', 'HTTP_USER_AGENT': 'Werkzeug/3.1.3', ...}
buffered = False

    def run_wsgi_app(
        self, environ: WSGIEnvironment, buffered: bool = False
    ) -> tuple[t.Iterable[bytes], str, Headers]:
        """Runs the wrapped WSGI app with the given environment.
    
        :meta private:
        """
        self._add_cookies_to_wsgi(environ)
>       rv = run_wsgi_app(self.application, environ, buffered=buffered)

..\..\..\anaconda3\Lib\site-packages\werkzeug\test.py:988: 
_ _ _ _ _ _ _ _ _ _ _ _ _ _ _ _ _ _ _ _ _ _ _ _ _ _ _ _ _ _ _ _ _ _ _ _ _ _ _ _

app = <Flask 'app'>
environ = {'CONTENT_LENGTH': '196', 'CONTENT_TYPE': 'application/json', 'HTTP_HOST': 'localhost', 'HTTP_USER_AGENT': 'Werkzeug/3.1.3', ...}
buffered = False

    def run_wsgi_app(
        app: WSGIApplication, environ: WSGIEnvironment, buffered: bool = False
    ) -> tuple[t.Iterable[bytes], str, Headers]:
        """Return a tuple in the form (app_iter, status, headers) of the
        application output.  This works best if you pass it an application that
        returns an iterator all the time.
    
        Sometimes applications may use the `write()` callable returned
        by the `start_response` function.  This tries to resolve such edge
        cases automatically.  But if you don't get the expected output you
        should set `buffered` to `True` which enforces buffering.
    
        If passed an invalid WSGI application the behavior of this function is
        undefined.  Never pass non-conforming WSGI applications to this function.
    
        :param app: the application to execute.
        :param buffered: set to `True` to enforce buffering.
        :return: tuple in the form ``(app_iter, status, headers)``
        """
        # Copy environ to ensure any mutations by the app (ProxyFix, for
        # example) don't affect subsequent requests (such as redirects).
        environ = _get_environ(environ).copy()
        status: str
        response: tuple[str, list[tuple[str, str]]] | None = None
        buffer: list[bytes] = []
    
        def start_response(status, headers, exc_info=None):  # type: ignore
            nonlocal response
    
            if exc_info:
                try:
                    raise exc_info[1].with_traceback(exc_info[2])
                finally:
                    exc_info = None
    
            response = (status, headers)
            return buffer.append
    
>       app_rv = app(environ, start_response)

..\..\..\anaconda3\Lib\site-packages\werkzeug\test.py:1264: 
_ _ _ _ _ _ _ _ _ _ _ _ _ _ _ _ _ _ _ _ _ _ _ _ _ _ _ _ _ _ _ _ _ _ _ _ _ _ _ _

self = <Flask 'app'>
environ = {'CONTENT_LENGTH': '196', 'CONTENT_TYPE': 'application/json', 'HTTP_HOST': 'localhost', 'HTTP_USER_AGENT': 'Werkzeug/3.1.3', ...}
start_response = <function run_wsgi_app.<locals>.start_response at 0x000001E48F385120>

    def __call__(
        self, environ: WSGIEnvironment, start_response: StartResponse
    ) -> cabc.Iterable[bytes]:
        """The WSGI server calls the Flask application object as the
        WSGI application. This calls :meth:`wsgi_app`, which can be
        wrapped to apply middleware.
        """
>       return self.wsgi_app(environ, start_response)

..\..\..\anaconda3\Lib\site-packages\flask\app.py:1536: 
_ _ _ _ _ _ _ _ _ _ _ _ _ _ _ _ _ _ _ _ _ _ _ _ _ _ _ _ _ _ _ _ _ _ _ _ _ _ _ _

self = <Flask 'app'>
environ = {'CONTENT_LENGTH': '196', 'CONTENT_TYPE': 'application/json', 'HTTP_HOST': 'localhost', 'HTTP_USER_AGENT': 'Werkzeug/3.1.3', ...}
start_response = <function run_wsgi_app.<locals>.start_response at 0x000001E48F385120>

    def wsgi_app(
        self, environ: WSGIEnvironment, start_response: StartResponse
    ) -> cabc.Iterable[bytes]:
        """The actual WSGI application. This is not implemented in
        :meth:`__call__` so that middlewares can be applied without
        losing a reference to the app object. Instead of doing this::
    
            app = MyMiddleware(app)
    
        It's a better idea to do this instead::
    
            app.wsgi_app = MyMiddleware(app.wsgi_app)
    
        Then you still have the original application object around and
        can continue to call methods on it.
    
        .. versionchanged:: 0.7
            Teardown events for the request and app contexts are called
            even if an unhandled error occurs. Other events may not be
            called depending on when an error occurs during dispatch.
            See :ref:`callbacks-and-errors`.
    
        :param environ: A WSGI environment.
        :param start_response: A callable accepting a status code,
            a list of headers, and an optional exception context to
            start the response.
        """
        ctx = self.request_context(environ)
        error: BaseException | None = None
        try:
            try:
                ctx.push()
                response = self.full_dispatch_request()
            except Exception as e:
                error = e
>               response = self.handle_exception(e)

..\..\..\anaconda3\Lib\site-packages\flask\app.py:1514: 
_ _ _ _ _ _ _ _ _ _ _ _ _ _ _ _ _ _ _ _ _ _ _ _ _ _ _ _ _ _ _ _ _ _ _ _ _ _ _ _

self = <Flask 'app'>
environ = {'CONTENT_LENGTH': '196', 'CONTENT_TYPE': 'application/json', 'HTTP_HOST': 'localhost', 'HTTP_USER_AGENT': 'Werkzeug/3.1.3', ...}
start_response = <function run_wsgi_app.<locals>.start_response at 0x000001E48F385120>

    def wsgi_app(
        self, environ: WSGIEnvironment, start_response: StartResponse
    ) -> cabc.Iterable[bytes]:
        """The actual WSGI application. This is not implemented in
        :meth:`__call__` so that middlewares can be applied without
        losing a reference to the app object. Instead of doing this::
    
            app = MyMiddleware(app)
    
        It's a better idea to do this instead::
    
            app.wsgi_app = MyMiddleware(app.wsgi_app)
    
        Then you still have the original application object around and
        can continue to call methods on it.
    
        .. versionchanged:: 0.7
            Teardown events for the request and app contexts are called
            even if an unhandled error occurs. Other events may not be
            called depending on when an error occurs during dispatch.
            See :ref:`callbacks-and-errors`.
    
        :param environ: A WSGI environment.
        :param start_response: A callable accepting a status code,
            a list of headers, and an optional exception context to
            start the response.
        """
        ctx = self.request_context(environ)
        error: BaseException | None = None
        try:
            try:
                ctx.push()
>               response = self.full_dispatch_request()

..\..\..\anaconda3\Lib\site-packages\flask\app.py:1511: 
_ _ _ _ _ _ _ _ _ _ _ _ _ _ _ _ _ _ _ _ _ _ _ _ _ _ _ _ _ _ _ _ _ _ _ _ _ _ _ _

self = <Flask 'app'>

    def full_dispatch_request(self) -> Response:
        """Dispatches the request and on top of that performs request
        pre and postprocessing as well as HTTP exception catching and
        error handling.
    
        .. versionadded:: 0.7
        """
        self._got_first_request = True
    
        try:
            request_started.send(self, _async_wrapper=self.ensure_sync)
            rv = self.preprocess_request()
            if rv is None:
                rv = self.dispatch_request()
        except Exception as e:
>           rv = self.handle_user_exception(e)

..\..\..\anaconda3\Lib\site-packages\flask\app.py:919: 
_ _ _ _ _ _ _ _ _ _ _ _ _ _ _ _ _ _ _ _ _ _ _ _ _ _ _ _ _ _ _ _ _ _ _ _ _ _ _ _

self = <Flask 'app'>

    def full_dispatch_request(self) -> Response:
        """Dispatches the request and on top of that performs request
        pre and postprocessing as well as HTTP exception catching and
        error handling.
    
        .. versionadded:: 0.7
        """
        self._got_first_request = True
    
        try:
            request_started.send(self, _async_wrapper=self.ensure_sync)
            rv = self.preprocess_request()
            if rv is None:
>               rv = self.dispatch_request()

..\..\..\anaconda3\Lib\site-packages\flask\app.py:917: 
_ _ _ _ _ _ _ _ _ _ _ _ _ _ _ _ _ _ _ _ _ _ _ _ _ _ _ _ _ _ _ _ _ _ _ _ _ _ _ _

self = <Flask 'app'>

    def dispatch_request(self) -> ft.ResponseReturnValue:
        """Does the request dispatching.  Matches the URL and returns the
        return value of the view or error handler.  This does not have to
        be a response object.  In order to convert the return value to a
        proper response object, call :func:`make_response`.
    
        .. versionchanged:: 0.7
           This no longer does the exception handling, this code was
           moved to the new :meth:`full_dispatch_request`.
        """
        req = request_ctx.request
        if req.routing_exception is not None:
            self.raise_routing_exception(req)
        rule: Rule = req.url_rule  # type: ignore[assignment]
        # if we provide automatic options for this URL and the
        # request came with the OPTIONS method, reply automatically
        if (
            getattr(rule, "provide_automatic_options", False)
            and req.method == "OPTIONS"
        ):
            return self.make_default_options_response()
        # otherwise dispatch to the handler for that endpoint
        view_args: dict[str, t.Any] = req.view_args  # type: ignore[assignment]
>       return self.ensure_sync(self.view_functions[rule.endpoint])(**view_args)  # type: ignore[no-any-return]

..\..\..\anaconda3\Lib\site-packages\flask\app.py:902: 
_ _ _ _ _ _ _ _ _ _ _ _ _ _ _ _ _ _ _ _ _ _ _ _ _ _ _ _ _ _ _ _ _ _ _ _ _ _ _ _

    @app.route('/api/predict', methods=['POST'])
    def predict():
        data = request.json
        if not data:
            return jsonify({'error': 'Missing request body'}), 400
    
        results = {}
    
        # \u2500\u2500 PHQ-8 \u2500\u2500\u2500\u2500\u2500\u2500\u2500\u2500\u2500\u2500\u2500\u2500\u2500\u2500\u2500\u2500\u2500\u2500\u2500\u2500\u2500\u2500\u2500\u2500\u2500\u2500\u2500\u2500\u2500\u2500\u2500\u2500\u2500\u2500\u2500\u2500\u2500\u2500\u2500\u2500\u2500\u2500\u2500\u2500\u2500\u2500\u2500\u2500\u2500\u2500
        phq_answers = data.get('phqAnswers', [])
        if phq_answers and not validate_phq_answers(phq_answers):
            return jsonify({'error': 'Invalid PHQ-8 answers'}), 400
    
        phq_total   = sum(int(a) for a in phq_answers) if phq_answers else 0
        results['phq'] = {
            'score':     phq_total,
            'severity':  phq8_severity(phq_total),
            'depressed': phq_total >= 10,
        }
    
        # \u2500\u2500 Text analysis \u2500\u2500\u2500\u2500\u2500\u2500\u2500\u2500\u2500\u2500\u2500\u2500\u2500\u2500\u2500\u2500\u2500\u2500\u2500\u2500\u2500\u2500\u2500\u2500\u2500\u2500\u2500\u2500\u2500\u2500\u2500\u2500\u2500\u2500\u2500\u2500\u2500\u2500\u2500\u2500\u2500\u2500
        text      = data.get('interviewText', '')
        if isinstance(text, str):
            text = text[:10000]  # Truncate excessively long input
        text_prob = 0.5
        if text and isinstance(text, str) and len(text.strip()) >= 10:
            feats  = extract_text_features(text)
>           scaled = text_scaler.transform(feats.reshape(1, -1))

app.py:277: 
_ _ _ _ _ _ _ _ _ _ _ _ _ _ _ _ _ _ _ _ _ _ _ _ _ _ _ _ _ _ _ _ _ _ _ _ _ _ _ _

self = StandardScaler()
X = array([[0.        , 0.725     , 0.275     , 0.2263    , 6.        ,
        5.        , 0.83333333, 3.        , 0.    ...    , 0.        , 0.        ,
        0.        , 0.        , 0.        , 0.        , 0.        ,
        0.        ]])
args = (), kwargs = {}

    @wraps(f)
    def wrapped(self, X, *args, **kwargs):
>       data_to_wrap = f(self, X, *args, **kwargs)

..\..\..\anaconda3\Lib\site-packages\sklearn\utils\_set_output.py:319: 
_ _ _ _ _ _ _ _ _ _ _ _ _ _ _ _ _ _ _ _ _ _ _ _ _ _ _ _ _ _ _ _ _ _ _ _ _ _ _ _

self = StandardScaler()
X = array([[0.        , 0.725     , 0.275     , 0.2263    , 6.        ,
        5.        , 0.83333333, 3.        , 0.    ...    , 0.        , 0.        ,
        0.        , 0.        , 0.        , 0.        , 0.        ,
        0.        ]])
copy = True

    def transform(self, X, copy=None):
        """Perform standardization by centering and scaling.
    
        Parameters
        ----------
        X : {array-like, sparse matrix of shape (n_samples, n_features)
            The data used to scale along the features axis.
        copy : bool, default=None
            Copy the input X or not.
    
        Returns
        -------
        X_tr : {ndarray, sparse matrix} of shape (n_samples, n_features)
            Transformed array.
        """
        check_is_fitted(self)
    
        copy = copy if copy is not None else self.copy
>       X = validate_data(
            self,
            X,
            reset=False,
            accept_sparse="csr",
            copy=copy,
            dtype=FLOAT_DTYPES,
            force_writeable=True,
            ensure_all_finite="allow-nan",
        )

..\..\..\anaconda3\Lib\site-packages\sklearn\preprocessing\_data.py:1062: 
_ _ _ _ _ _ _ _ _ _ _ _ _ _ _ _ _ _ _ _ _ _ _ _ _ _ _ _ _ _ _ _ _ _ _ _ _ _ _ _

_estimator = StandardScaler()
X = array([[0.        , 0.725     , 0.275     , 0.2263    , 6.        ,
        5.        , 0.83333333, 3.        , 0.    ...    , 0.        , 0.        ,
        0.        , 0.        , 0.        , 0.        , 0.        ,
        0.        ]])
y = 'no_validation', reset = False, validate_separately = False
skip_check_array = False
check_params = {'accept_sparse': 'csr', 'copy': True, 'dtype': (<class 'numpy.float64'>, <class 'numpy.float32'>, <class 'numpy.float16'>), 'ensure_all_finite': 'allow-nan', ...}
tags = Tags(estimator_type=None, target_tags=TargetTags(required=False, one_d_labels=False, two_d_labels=False, positive_only...False, sparse=False, categorical=False, string=False, dict=False, positive_only=False, allow_nan=True, pairwise=False))
no_val_X = False, no_val_y = True
default_check_params = {'estimator': StandardScaler()}
out = array([[0.        , 0.725     , 0.275     , 0.2263    , 6.        ,
        5.        , 0.83333333, 3.        , 0.    ...    , 0.        , 0.        ,
        0.        , 0.        , 0.        , 0.        , 0.        ,
        0.        ]])

    def validate_data(
        _estimator,
        /,
        X="no_validation",
        y="no_validation",
        reset=True,
        validate_separately=False,
        skip_check_array=False,
        **check_params,
    ):
        """Validate input data and set or check feature names and counts of the input.
    
        This helper function should be used in an estimator that requires input
        validation. This mutates the estimator and sets the `n_features_in_` and
        `feature_names_in_` attributes if `reset=True`.
    
        .. versionadded:: 1.6
    
        Parameters
        ----------
        _estimator : estimator instance
            The estimator to validate the input for.
    
        X : {array-like, sparse matrix, dataframe} of shape \
                (n_samples, n_features), default='no validation'
            The input samples.
            If `'no_validation'`, no validation is performed on `X`. This is
            useful for meta-estimator which can delegate input validation to
            their underlying estimator(s). In that case `y` must be passed and
            the only accepted `check_params` are `multi_output` and
            `y_numeric`.
    
        y : array-like of shape (n_samples,), default='no_validation'
            The targets.
    
            - If `None`, :func:`~sklearn.utils.check_array` is called on `X`. If
              the estimator's `requires_y` tag is True, then an error will be raised.
            - If `'no_validation'`, :func:`~sklearn.utils.check_array` is called
              on `X` and the estimator's `requires_y` tag is ignored. This is a default
              placeholder and is never meant to be explicitly set. In that case `X` must be
              passed.
            - Otherwise, only `y` with `_check_y` or both `X` and `y` are checked with
              either :func:`~sklearn.utils.check_array` or
              :func:`~sklearn.utils.check_X_y` depending on `validate_separately`.
    
        reset : bool, default=True
            Whether to reset the `n_features_in_` attribute.
            If False, the input will be checked for consistency with data
            provided when reset was last True.
    
            .. note::
    
               It is recommended to call `reset=True` in `fit` and in the first
               call to `partial_fit`. All other methods that validate `X`
               should set `reset=False`.
    
        validate_separately : False or tuple of dicts, default=False
            Only used if `y` is not `None`.
            If `False`, call :func:`~sklearn.utils.check_X_y`. Else, it must be a tuple of
            kwargs to be used for calling :func:`~sklearn.utils.check_array` on `X` and `y`
            respectively.
    
            `estimator=self` is automatically added to these dicts to generate
            more informative error message in case of invalid input data.
    
        skip_check_array : bool, default=False
            If `True`, `X` and `y` are unchanged and only `feature_names_in_` and
            `n_features_in_` are checked. Otherwise, :func:`~sklearn.utils.check_array`
            is called on `X` and `y`.
    
        **check_params : kwargs
            Parameters passed to :func:`~sklearn.utils.check_array` or
            :func:`~sklearn.utils.check_X_y`. Ignored if validate_separately
            is not False.
    
            `estimator=self` is automatically added to these params to generate
            more informative error message in case of invalid input data.
    
        Returns
        -------
        out : {ndarray, sparse matrix} or tuple of these
            The validated input. A tuple is returned if both `X` and `y` are
            validated.
        """
        _check_feature_names(_estimator, X, reset=reset)
        tags = get_tags(_estimator)
        if y is None and tags.target_tags.required:
            raise ValueError(
                f"This {_estimator.__class__.__name__} estimator "
                "requires y to be passed, but the target y is None."
            )
    
        no_val_X = isinstance(X, str) and X == "no_validation"
        no_val_y = y is None or isinstance(y, str) and y == "no_validation"
    
        if no_val_X and no_val_y:
            raise ValueError("Validation should be done on X, y or both.")
    
        default_check_params = {"estimator": _estimator}
        check_params = {**default_check_params, **check_params}
    
        if skip_check_array:
            if not no_val_X and no_val_y:
                out = X
            elif no_val_X and not no_val_y:
                out = y
            else:
                out = X, y
        elif not no_val_X and no_val_y:
            out = check_array(X, input_name="X", **check_params)
        elif no_val_X and not no_val_y:
            out = _check_y(y, **check_params)
        else:
            if validate_separately:
                # We need this because some estimators validate X and y
                # separately, and in general, separately calling check_array()
                # on X and y isn't equivalent to just calling check_X_y()
                # :(
                check_X_params, check_y_params = validate_separately
                if "estimator" not in check_X_params:
                    check_X_params = {**default_check_params, **check_X_params}
                X = check_array(X, input_name="X", **check_X_params)
                if "estimator" not in check_y_params:
                    check_y_params = {**default_check_params, **check_y_params}
                y = check_array(y, input_name="y", **check_y_params)
            else:
                X, y = check_X_y(X, y, **check_params)
            out = X, y
    
        if not no_val_X and check_params.get("ensure_2d", True):
>           _check_n_features(_estimator, X, reset=reset)

..\..\..\anaconda3\Lib\site-packages\sklearn\utils\validation.py:2965: 
_ _ _ _ _ _ _ _ _ _ _ _ _ _ _ _ _ _ _ _ _ _ _ _ _ _ _ _ _ _ _ _ _ _ _ _ _ _ _ _

estimator = StandardScaler()
X = array([[0.        , 0.725     , 0.275     , 0.2263    , 6.        ,
        5.        , 0.83333333, 3.        , 0.    ...    , 0.        , 0.        ,
        0.        , 0.        , 0.        , 0.        , 0.        ,
        0.        ]])
reset = False

    def _check_n_features(estimator, X, reset):
        """Set the `n_features_in_` attribute, or check against it on an estimator.
    
        .. versionchanged:: 1.6
            Moved from :class:`~sklearn.base.BaseEstimator` to
            :mod:`~sklearn.utils.validation`.
    
        Parameters
        ----------
        estimator : estimator instance
            The estimator to validate the input for.
    
        X : {ndarray, sparse matrix} of shape (n_samples, n_features)
            The input samples.
    
        reset : bool
            If True, the `n_features_in_` attribute is set to `X.shape[1]`.
            If False and the attribute exists, then check that it is equal to
            `X.shape[1]`. If False and the attribute does *not* exist, then
            the check is skipped.
            .. note::
               It is recommended to call reset=True in `fit` and in the first
               call to `partial_fit`. All other methods that validate `X`
               should set `reset=False`.
        """
        try:
            n_features = _num_features(X)
        except TypeError as e:
            if not reset and hasattr(estimator, "n_features_in_"):
                raise ValueError(
                    "X does not contain any features, but "
                    f"{estimator.__class__.__name__} is expecting "
                    f"{estimator.n_features_in_} features"
                ) from e
            # If the number of features is not defined and reset=True,
            # then we skip this check
            return
    
        if reset:
            estimator.n_features_in_ = n_features
            return
    
        if not hasattr(estimator, "n_features_in_"):
            # Skip this check if the expected number of expected input features
            # was not recorded by calling fit first. This is typically the case
            # for stateless transformers.
            return
    
        if n_features != estimator.n_features_in_:
>           raise ValueError(
                f"X has {n_features} features, but {estimator.__class__.__name__} "
                f"is expecting {estimator.n_features_in_} features as input."
            )
E           ValueError: X has 76 features, but StandardScaler is expecting 59 features as input.

..\..\..\anaconda3\Lib\site-packages\sklearn\utils\validation.py:2829: ValueError
______________ TestAPIEndpoints.test_combined_weights_sum_to_one ______________

self = <test_app.TestAPIEndpoints object at 0x000001E4FED8A850>
client = <FlaskClient <Flask 'app'>>

    def test_combined_weights_sum_to_one(self, client):
>       rv = client.post('/api/predict',
                         json={
                             'phqAnswers': [1, 2, 1, 2, 1, 2, 1, 2],
                             'interviewText': 'Some days are better than others',
                             'visualData': {'samplesCollected': 5, 'visualProb': 0.5},
                             'audioData': {'samplesCollected': 5, 'audioProb': 0.5}
                         },
                         content_type='application/json')

tests\test_app.py:211: 
_ _ _ _ _ _ _ _ _ _ _ _ _ _ _ _ _ _ _ _ _ _ _ _ _ _ _ _ _ _ _ _ _ _ _ _ _ _ _ _

self = <FlaskClient <Flask 'app'>>, args = ('/api/predict',)
kw = {'content_type': 'application/json', 'json': {'audioData': {'audioProb': 0.5, 'samplesCollected': 5}, 'interviewText':...s', 'phqAnswers': [1, 2, 1, 2, 1, 2, ...], 'visualData': {'samplesCollected': 5, 'visualProb': 0.5}}, 'method': 'POST'}

    def post(self, *args: t.Any, **kw: t.Any) -> TestResponse:
        """Call :meth:`open` with ``method`` set to ``POST``."""
        kw["method"] = "POST"
>       return self.open(*args, **kw)

..\..\..\anaconda3\Lib\site-packages\werkzeug\test.py:1167: 
_ _ _ _ _ _ _ _ _ _ _ _ _ _ _ _ _ _ _ _ _ _ _ _ _ _ _ _ _ _ _ _ _ _ _ _ _ _ _ _

self = <FlaskClient <Flask 'app'>>, buffered = False, follow_redirects = False
args = ('/api/predict',)
kwargs = {'content_type': 'application/json', 'environ_base': {'HTTP_USER_AGENT': 'Werkzeug/3.1.3', 'REMOTE_ADDR': '127.0.0.1',...s', 'phqAnswers': [1, 2, 1, 2, 1, 2, ...], 'visualData': {'samplesCollected': 5, 'visualProb': 0.5}}, 'method': 'POST'}
request = <Request 'http://localhost/api/predict' [POST]>

    def open(
        self,
        *args: t.Any,
        buffered: bool = False,
        follow_redirects: bool = False,
        **kwargs: t.Any,
    ) -> TestResponse:
        if args and isinstance(
            args[0], (werkzeug.test.EnvironBuilder, dict, BaseRequest)
        ):
            if isinstance(args[0], werkzeug.test.EnvironBuilder):
                builder = copy(args[0])
                builder.environ_base = self._copy_environ(builder.environ_base or {})  # type: ignore[arg-type]
                request = builder.get_request()
            elif isinstance(args[0], dict):
                request = EnvironBuilder.from_environ(
                    args[0], app=self.application, environ_base=self._copy_environ({})
                ).get_request()
            else:
                # isinstance(args[0], BaseRequest)
                request = copy(args[0])
                request.environ = self._copy_environ(request.environ)
        else:
            # request is None
            request = self._request_from_builder_args(args, kwargs)
    
        # Pop any previously preserved contexts. This prevents contexts
        # from being preserved across redirects or multiple requests
        # within a single block.
        self._context_stack.close()
    
>       response = super().open(
            request,
            buffered=buffered,
            follow_redirects=follow_redirects,
        )

..\..\..\anaconda3\Lib\site-packages\flask\testing.py:234: 
_ _ _ _ _ _ _ _ _ _ _ _ _ _ _ _ _ _ _ _ _ _ _ _ _ _ _ _ _ _ _ _ _ _ _ _ _ _ _ _

self = <FlaskClient <Flask 'app'>>, buffered = False, follow_redirects = False
args = (<Request 'http://localhost/api/predict' [POST]>,), kwargs = {}
request = <Request 'http://localhost/api/predict' [POST]>
arg = <Request 'http://localhost/api/predict' [POST]>

    def open(
        self,
        *args: t.Any,
        buffered: bool = False,
        follow_redirects: bool = False,
        **kwargs: t.Any,
    ) -> TestResponse:
        """Generate an environ dict from the given arguments, make a
        request to the application using it, and return the response.
    
        :param args: Passed to :class:`EnvironBuilder` to create the
            environ for the request. If a single arg is passed, it can
            be an existing :class:`EnvironBuilder` or an environ dict.
        :param buffered: Convert the iterator returned by the app into
            a list. If the iterator has a ``close()`` method, it is
            called automatically.
        :param follow_redirects: Make additional requests to follow HTTP
            redirects until a non-redirect status is returned.
            :attr:`TestResponse.history` lists the intermediate
            responses.
    
        .. versionchanged:: 2.1
            Removed the ``as_tuple`` parameter.
    
        .. versionchanged:: 2.0
            The request input stream is closed when calling
            ``response.close()``. Input streams for redirects are
            automatically closed.
    
        .. versionchanged:: 0.5
            If a dict is provided as file in the dict for the ``data``
            parameter the content type has to be called ``content_type``
            instead of ``mimetype``. This change was made for
            consistency with :class:`werkzeug.FileWrapper`.
    
        .. versionchanged:: 0.5
            Added the ``follow_redirects`` parameter.
        """
        request: Request | None = None
    
        if not kwargs and len(args) == 1:
            arg = args[0]
    
            if isinstance(arg, EnvironBuilder):
                request = arg.get_request()
            elif isinstance(arg, dict):
                request = EnvironBuilder.from_environ(arg).get_request()
            elif isinstance(arg, Request):
                request = arg
    
        if request is None:
            builder = EnvironBuilder(*args, **kwargs)
    
            try:
                request = builder.get_request()
            finally:
                builder.close()
    
>       response_parts = self.run_wsgi_app(request.environ, buffered=buffered)

..\..\..\anaconda3\Lib\site-packages\werkzeug\test.py:1116: 
_ _ _ _ _ _ _ _ _ _ _ _ _ _ _ _ _ _ _ _ _ _ _ _ _ _ _ _ _ _ _ _ _ _ _ _ _ _ _ _

self = <FlaskClient <Flask 'app'>>
environ = {'CONTENT_LENGTH': '207', 'CONTENT_TYPE': 'application/json', 'HTTP_HOST': 'localhost', 'HTTP_USER_AGENT': 'Werkzeug/3.1.3', ...}
buffered = False

    def run_wsgi_app(
        self, environ: WSGIEnvironment, buffered: bool = False
    ) -> tuple[t.Iterable[bytes], str, Headers]:
        """Runs the wrapped WSGI app with the given environment.
    
        :meta private:
        """
        self._add_cookies_to_wsgi(environ)
>       rv = run_wsgi_app(self.application, environ, buffered=buffered)

..\..\..\anaconda3\Lib\site-packages\werkzeug\test.py:988: 
_ _ _ _ _ _ _ _ _ _ _ _ _ _ _ _ _ _ _ _ _ _ _ _ _ _ _ _ _ _ _ _ _ _ _ _ _ _ _ _

app = <Flask 'app'>
environ = {'CONTENT_LENGTH': '207', 'CONTENT_TYPE': 'application/json', 'HTTP_HOST': 'localhost', 'HTTP_USER_AGENT': 'Werkzeug/3.1.3', ...}
buffered = False

    def run_wsgi_app(
        app: WSGIApplication, environ: WSGIEnvironment, buffered: bool = False
    ) -> tuple[t.Iterable[bytes], str, Headers]:
        """Return a tuple in the form (app_iter, status, headers) of the
        application output.  This works best if you pass it an application that
        returns an iterator all the time.
    
        Sometimes applications may use the `write()` callable returned
        by the `start_response` function.  This tries to resolve such edge
        cases automatically.  But if you don't get the expected output you
        should set `buffered` to `True` which enforces buffering.
    
        If passed an invalid WSGI application the behavior of this function is
        undefined.  Never pass non-conforming WSGI applications to this function.
    
        :param app: the application to execute.
        :param buffered: set to `True` to enforce buffering.
        :return: tuple in the form ``(app_iter, status, headers)``
        """
        # Copy environ to ensure any mutations by the app (ProxyFix, for
        # example) don't affect subsequent requests (such as redirects).
        environ = _get_environ(environ).copy()
        status: str
        response: tuple[str, list[tuple[str, str]]] | None = None
        buffer: list[bytes] = []
    
        def start_response(status, headers, exc_info=None):  # type: ignore
            nonlocal response
    
            if exc_info:
                try:
                    raise exc_info[1].with_traceback(exc_info[2])
                finally:
                    exc_info = None
    
            response = (status, headers)
            return buffer.append
    
>       app_rv = app(environ, start_response)

..\..\..\anaconda3\Lib\site-packages\werkzeug\test.py:1264: 
_ _ _ _ _ _ _ _ _ _ _ _ _ _ _ _ _ _ _ _ _ _ _ _ _ _ _ _ _ _ _ _ _ _ _ _ _ _ _ _

self = <Flask 'app'>
environ = {'CONTENT_LENGTH': '207', 'CONTENT_TYPE': 'application/json', 'HTTP_HOST': 'localhost', 'HTTP_USER_AGENT': 'Werkzeug/3.1.3', ...}
start_response = <function run_wsgi_app.<locals>.start_response at 0x000001E48F384900>

    def __call__(
        self, environ: WSGIEnvironment, start_response: StartResponse
    ) -> cabc.Iterable[bytes]:
        """The WSGI server calls the Flask application object as the
        WSGI application. This calls :meth:`wsgi_app`, which can be
        wrapped to apply middleware.
        """
>       return self.wsgi_app(environ, start_response)

..\..\..\anaconda3\Lib\site-packages\flask\app.py:1536: 
_ _ _ _ _ _ _ _ _ _ _ _ _ _ _ _ _ _ _ _ _ _ _ _ _ _ _ _ _ _ _ _ _ _ _ _ _ _ _ _

self = <Flask 'app'>
environ = {'CONTENT_LENGTH': '207', 'CONTENT_TYPE': 'application/json', 'HTTP_HOST': 'localhost', 'HTTP_USER_AGENT': 'Werkzeug/3.1.3', ...}
start_response = <function run_wsgi_app.<locals>.start_response at 0x000001E48F384900>

    def wsgi_app(
        self, environ: WSGIEnvironment, start_response: StartResponse
    ) -> cabc.Iterable[bytes]:
        """The actual WSGI application. This is not implemented in
        :meth:`__call__` so that middlewares can be applied without
        losing a reference to the app object. Instead of doing this::
    
            app = MyMiddleware(app)
    
        It's a better idea to do this instead::
    
            app.wsgi_app = MyMiddleware(app.wsgi_app)
    
        Then you still have the original application object around and
        can continue to call methods on it.
    
        .. versionchanged:: 0.7
            Teardown events for the request and app contexts are called
            even if an unhandled error occurs. Other events may not be
            called depending on when an error occurs during dispatch.
            See :ref:`callbacks-and-errors`.
    
        :param environ: A WSGI environment.
        :param start_response: A callable accepting a status code,
            a list of headers, and an optional exception context to
            start the response.
        """
        ctx = self.request_context(environ)
        error: BaseException | None = None
        try:
            try:
                ctx.push()
                response = self.full_dispatch_request()
            except Exception as e:
                error = e
>               response = self.handle_exception(e)

..\..\..\anaconda3\Lib\site-packages\flask\app.py:1514: 
_ _ _ _ _ _ _ _ _ _ _ _ _ _ _ _ _ _ _ _ _ _ _ _ _ _ _ _ _ _ _ _ _ _ _ _ _ _ _ _

self = <Flask 'app'>
environ = {'CONTENT_LENGTH': '207', 'CONTENT_TYPE': 'application/json', 'HTTP_HOST': 'localhost', 'HTTP_USER_AGENT': 'Werkzeug/3.1.3', ...}
start_response = <function run_wsgi_app.<locals>.start_response at 0x000001E48F384900>

    def wsgi_app(
        self, environ: WSGIEnvironment, start_response: StartResponse
    ) -> cabc.Iterable[bytes]:
        """The actual WSGI application. This is not implemented in
        :meth:`__call__` so that middlewares can be applied without
        losing a reference to the app object. Instead of doing this::
    
            app = MyMiddleware(app)
    
        It's a better idea to do this instead::
    
            app.wsgi_app = MyMiddleware(app.wsgi_app)
    
        Then you still have the original application object around and
        can continue to call methods on it.
    
        .. versionchanged:: 0.7
            Teardown events for the request and app contexts are called
            even if an unhandled error occurs. Other events may not be
            called depending on when an error occurs during dispatch.
            See :ref:`callbacks-and-errors`.
    
        :param environ: A WSGI environment.
        :param start_response: A callable accepting a status code,
            a list of headers, and an optional exception context to
            start the response.
        """
        ctx = self.request_context(environ)
        error: BaseException | None = None
        try:
            try:
                ctx.push()
>               response = self.full_dispatch_request()

..\..\..\anaconda3\Lib\site-packages\flask\app.py:1511: 
_ _ _ _ _ _ _ _ _ _ _ _ _ _ _ _ _ _ _ _ _ _ _ _ _ _ _ _ _ _ _ _ _ _ _ _ _ _ _ _

self = <Flask 'app'>

    def full_dispatch_request(self) -> Response:
        """Dispatches the request and on top of that performs request
        pre and postprocessing as well as HTTP exception catching and
        error handling.
    
        .. versionadded:: 0.7
        """
        self._got_first_request = True
    
        try:
            request_started.send(self, _async_wrapper=self.ensure_sync)
            rv = self.preprocess_request()
            if rv is None:
                rv = self.dispatch_request()
        except Exception as e:
>           rv = self.handle_user_exception(e)

..\..\..\anaconda3\Lib\site-packages\flask\app.py:919: 
_ _ _ _ _ _ _ _ _ _ _ _ _ _ _ _ _ _ _ _ _ _ _ _ _ _ _ _ _ _ _ _ _ _ _ _ _ _ _ _

self = <Flask 'app'>

    def full_dispatch_request(self) -> Response:
        """Dispatches the request and on top of that performs request
        pre and postprocessing as well as HTTP exception catching and
        error handling.
    
        .. versionadded:: 0.7
        """
        self._got_first_request = True
    
        try:
            request_started.send(self, _async_wrapper=self.ensure_sync)
            rv = self.preprocess_request()
            if rv is None:
>               rv = self.dispatch_request()

..\..\..\anaconda3\Lib\site-packages\flask\app.py:917: 
_ _ _ _ _ _ _ _ _ _ _ _ _ _ _ _ _ _ _ _ _ _ _ _ _ _ _ _ _ _ _ _ _ _ _ _ _ _ _ _

self = <Flask 'app'>

    def dispatch_request(self) -> ft.ResponseReturnValue:
        """Does the request dispatching.  Matches the URL and returns the
        return value of the view or error handler.  This does not have to
        be a response object.  In order to convert the return value to a
        proper response object, call :func:`make_response`.
    
        .. versionchanged:: 0.7
           This no longer does the exception handling, this code was
           moved to the new :meth:`full_dispatch_request`.
        """
        req = request_ctx.request
        if req.routing_exception is not None:
            self.raise_routing_exception(req)
        rule: Rule = req.url_rule  # type: ignore[assignment]
        # if we provide automatic options for this URL and the
        # request came with the OPTIONS method, reply automatically
        if (
            getattr(rule, "provide_automatic_options", False)
            and req.method == "OPTIONS"
        ):
            return self.make_default_options_response()
        # otherwise dispatch to the handler for that endpoint
        view_args: dict[str, t.Any] = req.view_args  # type: ignore[assignment]
>       return self.ensure_sync(self.view_functions[rule.endpoint])(**view_args)  # type: ignore[no-any-return]

..\..\..\anaconda3\Lib\site-packages\flask\app.py:902: 
_ _ _ _ _ _ _ _ _ _ _ _ _ _ _ _ _ _ _ _ _ _ _ _ _ _ _ _ _ _ _ _ _ _ _ _ _ _ _ _

    @app.route('/api/predict', methods=['POST'])
    def predict():
        data = request.json
        if not data:
            return jsonify({'error': 'Missing request body'}), 400
    
        results = {}
    
        # \u2500\u2500 PHQ-8 \u2500\u2500\u2500\u2500\u2500\u2500\u2500\u2500\u2500\u2500\u2500\u2500\u2500\u2500\u2500\u2500\u2500\u2500\u2500\u2500\u2500\u2500\u2500\u2500\u2500\u2500\u2500\u2500\u2500\u2500\u2500\u2500\u2500\u2500\u2500\u2500\u2500\u2500\u2500\u2500\u2500\u2500\u2500\u2500\u2500\u2500\u2500\u2500\u2500\u2500
        phq_answers = data.get('phqAnswers', [])
        if phq_answers and not validate_phq_answers(phq_answers):
            return jsonify({'error': 'Invalid PHQ-8 answers'}), 400
    
        phq_total   = sum(int(a) for a in phq_answers) if phq_answers else 0
        results['phq'] = {
            'score':     phq_total,
            'severity':  phq8_severity(phq_total),
            'depressed': phq_total >= 10,
        }
    
        # \u2500\u2500 Text analysis \u2500\u2500\u2500\u2500\u2500\u2500\u2500\u2500\u2500\u2500\u2500\u2500\u2500\u2500\u2500\u2500\u2500\u2500\u2500\u2500\u2500\u2500\u2500\u2500\u2500\u2500\u2500\u2500\u2500\u2500\u2500\u2500\u2500\u2500\u2500\u2500\u2500\u2500\u2500\u2500\u2500\u2500
        text      = data.get('interviewText', '')
        if isinstance(text, str):
            text = text[:10000]  # Truncate excessively long input
        text_prob = 0.5
        if text and isinstance(text, str) and len(text.strip()) >= 10:
            feats  = extract_text_features(text)
>           scaled = text_scaler.transform(feats.reshape(1, -1))

app.py:277: 
_ _ _ _ _ _ _ _ _ _ _ _ _ _ _ _ _ _ _ _ _ _ _ _ _ _ _ _ _ _ _ _ _ _ _ _ _ _ _ _

self = StandardScaler()
X = array([[0.        , 0.633     , 0.367     , 0.4404    , 6.        ,
        6.        , 1.        , 4.5       , 0.    ...    , 0.        , 0.        ,
        0.        , 0.        , 0.        , 0.        , 0.        ,
        0.        ]])
args = (), kwargs = {}

    @wraps(f)
    def wrapped(self, X, *args, **kwargs):
>       data_to_wrap = f(self, X, *args, **kwargs)

..\..\..\anaconda3\Lib\site-packages\sklearn\utils\_set_output.py:319: 
_ _ _ _ _ _ _ _ _ _ _ _ _ _ _ _ _ _ _ _ _ _ _ _ _ _ _ _ _ _ _ _ _ _ _ _ _ _ _ _

self = StandardScaler()
X = array([[0.        , 0.633     , 0.367     , 0.4404    , 6.        ,
        6.        , 1.        , 4.5       , 0.    ...    , 0.        , 0.        ,
        0.        , 0.        , 0.        , 0.        , 0.        ,
        0.        ]])
copy = True

    def transform(self, X, copy=None):
        """Perform standardization by centering and scaling.
    
        Parameters
        ----------
        X : {array-like, sparse matrix of shape (n_samples, n_features)
            The data used to scale along the features axis.
        copy : bool, default=None
            Copy the input X or not.
    
        Returns
        -------
        X_tr : {ndarray, sparse matrix} of shape (n_samples, n_features)
            Transformed array.
        """
        check_is_fitted(self)
    
        copy = copy if copy is not None else self.copy
>       X = validate_data(
            self,
            X,
            reset=False,
            accept_sparse="csr",
            copy=copy,
            dtype=FLOAT_DTYPES,
            force_writeable=True,
            ensure_all_finite="allow-nan",
        )

..\..\..\anaconda3\Lib\site-packages\sklearn\preprocessing\_data.py:1062: 
_ _ _ _ _ _ _ _ _ _ _ _ _ _ _ _ _ _ _ _ _ _ _ _ _ _ _ _ _ _ _ _ _ _ _ _ _ _ _ _

_estimator = StandardScaler()
X = array([[0.        , 0.633     , 0.367     , 0.4404    , 6.        ,
        6.        , 1.        , 4.5       , 0.    ...    , 0.        , 0.        ,
        0.        , 0.        , 0.        , 0.        , 0.        ,
        0.        ]])
y = 'no_validation', reset = False, validate_separately = False
skip_check_array = False
check_params = {'accept_sparse': 'csr', 'copy': True, 'dtype': (<class 'numpy.float64'>, <class 'numpy.float32'>, <class 'numpy.float16'>), 'ensure_all_finite': 'allow-nan', ...}
tags = Tags(estimator_type=None, target_tags=TargetTags(required=False, one_d_labels=False, two_d_labels=False, positive_only...False, sparse=False, categorical=False, string=False, dict=False, positive_only=False, allow_nan=True, pairwise=False))
no_val_X = False, no_val_y = True
default_check_params = {'estimator': StandardScaler()}
out = array([[0.        , 0.633     , 0.367     , 0.4404    , 6.        ,
        6.        , 1.        , 4.5       , 0.    ...    , 0.        , 0.        ,
        0.        , 0.        , 0.        , 0.        , 0.        ,
        0.        ]])

    def validate_data(
        _estimator,
        /,
        X="no_validation",
        y="no_validation",
        reset=True,
        validate_separately=False,
        skip_check_array=False,
        **check_params,
    ):
        """Validate input data and set or check feature names and counts of the input.
    
        This helper function should be used in an estimator that requires input
        validation. This mutates the estimator and sets the `n_features_in_` and
        `feature_names_in_` attributes if `reset=True`.
    
        .. versionadded:: 1.6
    
        Parameters
        ----------
        _estimator : estimator instance
            The estimator to validate the input for.
    
        X : {array-like, sparse matrix, dataframe} of shape \
                (n_samples, n_features), default='no validation'
            The input samples.
            If `'no_validation'`, no validation is performed on `X`. This is
            useful for meta-estimator which can delegate input validation to
            their underlying estimator(s). In that case `y` must be passed and
            the only accepted `check_params` are `multi_output` and
            `y_numeric`.
    
        y : array-like of shape (n_samples,), default='no_validation'
            The targets.
    
            - If `None`, :func:`~sklearn.utils.check_array` is called on `X`. If
              the estimator's `requires_y` tag is True, then an error will be raised.
            - If `'no_validation'`, :func:`~sklearn.utils.check_array` is called
              on `X` and the estimator's `requires_y` tag is ignored. This is a default
              placeholder and is never meant to be explicitly set. In that case `X` must be
              passed.
            - Otherwise, only `y` with `_check_y` or both `X` and `y` are checked with
              either :func:`~sklearn.utils.check_array` or
              :func:`~sklearn.utils.check_X_y` depending on `validate_separately`.
    
        reset : bool, default=True
            Whether to reset the `n_features_in_` attribute.
            If False, the input will be checked for consistency with data
            provided when reset was last True.
    
            .. note::
    
               It is recommended to call `reset=True` in `fit` and in the first
               call to `partial_fit`. All other methods that validate `X`
               should set `reset=False`.
    
        validate_separately : False or tuple of dicts, default=False
            Only used if `y` is not `None`.
            If `False`, call :func:`~sklearn.utils.check_X_y`. Else, it must be a tuple of
            kwargs to be used for calling :func:`~sklearn.utils.check_array` on `X` and `y`
            respectively.
    
            `estimator=self` is automatically added to these dicts to generate
            more informative error message in case of invalid input data.
    
        skip_check_array : bool, default=False
            If `True`, `X` and `y` are unchanged and only `feature_names_in_` and
            `n_features_in_` are checked. Otherwise, :func:`~sklearn.utils.check_array`
            is called on `X` and `y`.
    
        **check_params : kwargs
            Parameters passed to :func:`~sklearn.utils.check_array` or
            :func:`~sklearn.utils.check_X_y`. Ignored if validate_separately
            is not False.
    
            `estimator=self` is automatically added to these params to generate
            more informative error message in case of invalid input data.
    
        Returns
        -------
        out : {ndarray, sparse matrix} or tuple of these
            The validated input. A tuple is returned if both `X` and `y` are
            validated.
        """
        _check_feature_names(_estimator, X, reset=reset)
        tags = get_tags(_estimator)
        if y is None and tags.target_tags.required:
            raise ValueError(
                f"This {_estimator.__class__.__name__} estimator "
                "requires y to be passed, but the target y is None."
            )
    
        no_val_X = isinstance(X, str) and X == "no_validation"
        no_val_y = y is None or isinstance(y, str) and y == "no_validation"
    
        if no_val_X and no_val_y:
            raise ValueError("Validation should be done on X, y or both.")
    
        default_check_params = {"estimator": _estimator}
        check_params = {**default_check_params, **check_params}
    
        if skip_check_array:
            if not no_val_X and no_val_y:
                out = X
            elif no_val_X and not no_val_y:
                out = y
            else:
                out = X, y
        elif not no_val_X and no_val_y:
            out = check_array(X, input_name="X", **check_params)
        elif no_val_X and not no_val_y:
            out = _check_y(y, **check_params)
        else:
            if validate_separately:
                # We need this because some estimators validate X and y
                # separately, and in general, separately calling check_array()
                # on X and y isn't equivalent to just calling check_X_y()
                # :(
                check_X_params, check_y_params = validate_separately
                if "estimator" not in check_X_params:
                    check_X_params = {**default_check_params, **check_X_params}
                X = check_array(X, input_name="X", **check_X_params)
                if "estimator" not in check_y_params:
                    check_y_params = {**default_check_params, **check_y_params}
                y = check_array(y, input_name="y", **check_y_params)
            else:
                X, y = check_X_y(X, y, **check_params)
            out = X, y
    
        if not no_val_X and check_params.get("ensure_2d", True):
>           _check_n_features(_estimator, X, reset=reset)

..\..\..\anaconda3\Lib\site-packages\sklearn\utils\validation.py:2965: 
_ _ _ _ _ _ _ _ _ _ _ _ _ _ _ _ _ _ _ _ _ _ _ _ _ _ _ _ _ _ _ _ _ _ _ _ _ _ _ _

estimator = StandardScaler()
X = array([[0.        , 0.633     , 0.367     , 0.4404    , 6.        ,
        6.        , 1.        , 4.5       , 0.    ...    , 0.        , 0.        ,
        0.        , 0.        , 0.        , 0.        , 0.        ,
        0.        ]])
reset = False

    def _check_n_features(estimator, X, reset):
        """Set the `n_features_in_` attribute, or check against it on an estimator.
    
        .. versionchanged:: 1.6
            Moved from :class:`~sklearn.base.BaseEstimator` to
            :mod:`~sklearn.utils.validation`.
    
        Parameters
        ----------
        estimator : estimator instance
            The estimator to validate the input for.
    
        X : {ndarray, sparse matrix} of shape (n_samples, n_features)
            The input samples.
    
        reset : bool
            If True, the `n_features_in_` attribute is set to `X.shape[1]`.
            If False and the attribute exists, then check that it is equal to
            `X.shape[1]`. If False and the attribute does *not* exist, then
            the check is skipped.
            .. note::
               It is recommended to call reset=True in `fit` and in the first
               call to `partial_fit`. All other methods that validate `X`
               should set `reset=False`.
        """
        try:
            n_features = _num_features(X)
        except TypeError as e:
            if not reset and hasattr(estimator, "n_features_in_"):
                raise ValueError(
                    "X does not contain any features, but "
                    f"{estimator.__class__.__name__} is expecting "
                    f"{estimator.n_features_in_} features"
                ) from e
            # If the number of features is not defined and reset=True,
            # then we skip this check
            return
    
        if reset:
            estimator.n_features_in_ = n_features
            return
    
        if not hasattr(estimator, "n_features_in_"):
            # Skip this check if the expected number of expected input features
            # was not recorded by calling fit first. This is typically the case
            # for stateless transformers.
            return
    
        if n_features != estimator.n_features_in_:
>           raise ValueError(
                f"X has {n_features} features, but {estimator.__class__.__name__} "
                f"is expecting {estimator.n_features_in_} features as input."
            )
E           ValueError: X has 76 features, but StandardScaler is expecting 59 features as input.

..\..\..\anaconda3\Lib\site-packages\sklearn\utils\validation.py:2829: ValueError
=========================== short test summary info ===========================
FAILED tests/test_app.py::TestAPIEndpoints::test_analyze_text_valid - ValueEr...
FAILED tests/test_app.py::TestAPIEndpoints::test_predict_valid - ValueError: ...
FAILED tests/test_app.py::TestAPIEndpoints::test_predict_with_visual - ValueE...
FAILED tests/test_app.py::TestAPIEndpoints::test_predict_with_audio - ValueEr...
FAILED tests/test_app.py::TestAPIEndpoints::test_combined_weights_sum_to_one
======================== 5 failed, 20 passed in 8.98s =========================
